********************************************************************
Delay Instance Report - Date: Tue Feb 27 22:26:23 2024
Product: Designer
Release: v2022.1
Version: 2022.1.0.10
Design Name: Top
Family: PolarFire
Die: MPF300TS_ES
Package: FCG1152
********************************************************************

Microsemi Corporation - Microsemi Libero Software Release v2022.1 (Version 2022.1.0.10)


+-----------+-------------------------------------------------------------+-------------+-------------+-----------------+-----------+
| Type      | Instance Name                                               | Param Name  | Delay Value | PDC Option Name | Editable? |
+-----------+-------------------------------------------------------------+-------------+-------------+-----------------+-----------+
| PLL_DELAY | Clock_Reset_0/PF_CCC_C3_0/PF_CCC_C3_0/pll_inst_0_DELAY      | CDELAY0_SEL | 0           | DELAY           | No        |
| PLL_DELAY | Transceiver_Main_0/PF_CCC_C5_0/PF_CCC_C5_0/pll_inst_0_DELAY | CDELAY0_SEL | 0           | DELAY           | No        |
| PLL_DELAY | Clock_Reset_0/PF_CCC_C0_0/PF_CCC_C0_0/pll_inst_0_DELAY      | CDELAY0_SEL | 0           | DELAY           | No        |
+-----------+-------------------------------------------------------------+-------------+-------------+-----------------+-----------+

