----------------------------------------------------------------
-Pin Report - Date: Wed Aug 16 14:57:03 2023 Pinchecksum: NOT-AVAILABLE
-Product: Designer
-Release: v2022.1
-Version: 2022.1.0.10
-Design Name: Top
-Family: PolarFire
-Die: MPF300TS_ES
-Package: FCG1152
-----------------------------------------------------------------

Port             |Pin  |Fixed |Function                             |Bank     |I/O Std   |Direction    |Used I/O Reg       |User I/O Lock Down |Clamp Diode   |Resistor Pull   |Schmitt Trigger |Vcm Input Range    |On Die Termination |Odt Value (Ohm) |Input Delay |Slew              |Output Drive (mA) |Impedance (ohm)  |Output Load (pF)         |Source Termination (Ohm) |Output Delay |
-----------------|-----|------|-------------------------------------|---------|----------|-------------|-------------------|-------------------|--------------|----------------|----------------|-------------------|-------------------|----------------|------------|------------------|------------------|-----------------|-------------------------|-------------------------|-------------|
ADC_FD            K18   No     GPIO35PB2/CCC_SE_CLKIN_S_11           Bank2     LVCMOS33   Input         None                No                  ON             Up               OFF              ---                 ---                 ---              OFF          ---                ---                ---               ---                       ---                       ---           
ADC_GPIO_0        L17   No     GPIO30PB2                             Bank2     LVCMOS33   Input         None                No                  ON             Up               OFF              ---                 ---                 ---              OFF          ---                ---                ---               ---                       ---                       ---           
ADC_GPIO_1        D13   No     GPIO27PB2/CLKIN_S_8/CCC_SE_CLKIN_S_8  Bank2     LVCMOS33   Input         None                No                  ON             Up               OFF              ---                 ---                 ---              OFF          ---                ---                ---               ---                       ---                       ---           
ADC_GPIO_2        L18   No     GPIO34NB2                             Bank2     LVCMOS33   Input         None                No                  ON             Up               OFF              ---                 ---                 ---              OFF          ---                ---                ---               ---                       ---                       ---           
ADC_GPIO_3        H3    No     GPIO242NB5                            Bank5     LVCMOS33   Input         None                No                  ON             Up               OFF              ---                 ---                 ---              OFF          ---                ---                ---               ---                       ---                       ---           
ADC_GPIO_4        J18   No     GPIO33PB2/CCC_SE_CLKIN_S_10           Bank2     LVCMOS33   Input         None                No                  ON             Up               OFF              ---                 ---                 ---              OFF          ---                ---                ---               ---                       ---                       ---           
ADC_LDO_PWR_GOOD  A10   No     GPIO28NB2                             Bank2     LVCMOS33   Input         None                No                  ON             Up               OFF              ---                 ---                 ---              OFF          ---                ---                ---               ---                       ---                       ---           
ADC_PWDN          H16   No     GPIO32PB2/DQS                         Bank2     LVCMOS33   Output        None                No                  ON             None             ---              ---                 ---                 ---              ---          OFF                8                  ---               5                         ---                       OFF           
ADC_PWR_RUN       J19   No     GPIO33NB2                             Bank2     LVCMOS33   Output        None                No                  ON             None             ---              ---                 ---                 ---              ---          OFF                8                  ---               5                         ---                       OFF           
ADC_sclk          E12   No     GPIO23NB2                             Bank2     LVCMOS33   Output        None                No                  ON             None             ---              ---                 ---                 ---              ---          OFF                8                  ---               5                         ---                       OFF           
ADC_sdio          D9    No     GPIO24PB2                             Bank2     LVCMOS33   Inout         None                No                  ON             Up               OFF              ---                 ---                 ---              OFF          OFF                8                  ---               5                         ---                       OFF           
ADC_ss_n          H14   No     GPIO3PB2                              Bank2     LVCMOS33   Output        None                No                  ON             None             ---              ---                 ---                 ---              ---          OFF                8                  ---               5                         ---                       OFF           
BOARD_PWR_RUN     K17   No     GPIO35NB2                             Bank2     LVCMOS33   Output        None                No                  ON             None             ---              ---                 ---                 ---              ---          OFF                8                  ---               5                         ---                       OFF           
BTN_1             T4    Yes    GPIO217NB4/DQS                        Bank4     LVCMOS33   Input         None                No                  ON             None             OFF              ---                 ---                 ---              OFF          ---                ---                ---               ---                       ---                       ---           
CLK_OUT_N         Y1    No     GPIO194NB4                            Bank4     LVDS33     Output        None                No                  ON             None             ---              ---                 ---                 100              ---          OFF                6                  ---               5                         OFF                       OFF           
CLK_OUT_P         W1    No     GPIO194PB4                            Bank4     LVDS33     Output        None                No                  ON             None             ---              ---                 ---                 100              ---          OFF                6                  ---               5                         OFF                       OFF           
DBGport_0         AA3   Yes    GPIO190PB4                            Bank4     LVCMOS33   Output        None                No                  ON             None             ---              ---                 ---                 ---              ---          OFF                8                  ---               5                         ---                       OFF           
DBGport_1         AB5   Yes    GPIO182PB4                            Bank4     LVCMOS33   Output        None                No                  ON             None             ---              ---                 ---                 ---              ---          OFF                8                  ---               5                         ---                       OFF           
DBGport_2         AA5   Yes    GPIO191NB4                            Bank4     LVCMOS33   Output        None                No                  ON             None             ---              ---                 ---                 ---              ---          OFF                8                  ---               5                         ---                       OFF           
DBGport_3         W4    Yes    GPIO193PB4/DQS                        Bank4     LVCMOS33   Output        None                No                  ON             None             ---              ---                 ---                 ---              ---          OFF                8                  ---               5                         ---                       OFF           
DBGport_4         AA4   Yes    GPIO191PB4                            Bank4     LVCMOS33   Output        None                No                  ON             None             ---              ---                 ---                 ---              ---          OFF                8                  ---               5                         ---                       OFF           
DBGport_5         AB6   Yes    GPIO179NB4                            Bank4     LVCMOS33   Output        None                No                  ON             None             ---              ---                 ---                 ---              ---          OFF                8                  ---               5                         ---                       OFF           
DBGport_6         V3    Yes    GPIO208PB4                            Bank4     LVCMOS33   Output        None                No                  ON             None             ---              ---                 ---                 ---              ---          OFF                8                  ---               5                         ---                       OFF           
DBGport_7         V4    Yes    GPIO208NB4                            Bank4     LVCMOS33   Output        None                No                  ON             None             ---              ---                 ---                 ---              ---          OFF                8                  ---               5                         ---                       OFF           
DBGport_8         AL25  Yes    HSIO77NB1                             Bank1     LVCMOS18   Output        None                No                  ON             None             ---              ---                 ---                 120              ---          OFF                8                  ---               5                         ---                       OFF           
DBGport_9         AH22  Yes    HSIO99PB1/DQS                         Bank1     LVCMOS18   Output        None                No                  ON             None             ---              ---                 ---                 120              ---          OFF                8                  ---               5                         ---                       OFF           
EXT_ADC_Reset_N   G15   No     GPIO5PB2                              Bank2     LVCMOS33   Output        None                No                  ON             None             ---              ---                 ---                 ---              ---          OFF                8                  ---               5                         ---                       OFF           
EXT_HMC_Reset_N   G9    No     GPIO6PB2/CLKIN_S_4                    Bank2     LVCMOS33   Output        None                No                  ON             None             ---              ---                 ---                 ---              ---          OFF                8                  ---               5                         ---                       OFF           
EXT_LMX1_Reset_N  B10   No     GPIO28PB2                             Bank2     LVCMOS33   Output        None                No                  ON             None             ---              ---                 ---                 ---              ---          OFF                8                  ---               5                         ---                       OFF           
EXT_LMX2_Reset_N  D10   No     GPIO26PB2/DQS                         Bank2     LVCMOS33   Output        None                No                  ON             None             ---              ---                 ---                 ---              ---          OFF                8                  ---               5                         ---                       OFF           
FTDI_BE[0]        A8    Yes    GPIO16NB2                             Bank2     LVCMOS33   Output        None                No                  ON             None             ---              ---                 ---                 ---              ---          OFF                8                  ---               5                         ---                       OFF           
FTDI_BE[1]        A7    Yes    GPIO16PB2                             Bank2     LVCMOS33   Output        None                No                  ON             None             ---              ---                 ---                 ---              ---          OFF                8                  ---               5                         ---                       OFF           
FTDI_BE[2]        G11   Yes    GPIO18NB2                             Bank2     LVCMOS33   Output        None                No                  ON             None             ---              ---                 ---                 ---              ---          OFF                8                  ---               5                         ---                       OFF           
FTDI_BE[3]        G12   Yes    GPIO18PB2                             Bank2     LVCMOS33   Output        None                No                  ON             None             ---              ---                 ---                 ---              ---          OFF                8                  ---               5                         ---                       OFF           
FTDI_CLK          G4    Yes    GPIO244PB2/CCC_SW_CLKIN_S_0           Bank2     LVCMOS33   Input         None                No                  ON             None             OFF              ---                 ---                 ---              OFF          ---                ---                ---               ---                       ---                       ---           
FTDI_DATA[0]      B1    Yes    GPIO250NB2                            Bank2     LVCMOS33   Inout         None                No                  ON             None             OFF              ---                 ---                 ---              OFF          OFF                8                  ---               5                         ---                       OFF           
FTDI_DATA[1]      F5    Yes    GPIO11NB2                             Bank2     LVCMOS33   Inout         None                No                  ON             None             OFF              ---                 ---                 ---              OFF          OFF                8                  ---               5                         ---                       OFF           
FTDI_DATA[2]      C1    Yes    GPIO250PB2                            Bank2     LVCMOS33   Inout         None                No                  ON             None             OFF              ---                 ---                 ---              OFF          OFF                8                  ---               5                         ---                       OFF           
FTDI_DATA[3]      G5    Yes    GPIO11PB2/CLKIN_S_7                   Bank2     LVCMOS33   Inout         None                No                  ON             None             OFF              ---                 ---                 ---              OFF          OFF                8                  ---               5                         ---                       OFF           
FTDI_DATA[4]      B2    Yes    GPIO252NB2/DQS                        Bank2     LVCMOS33   Inout         None                No                  ON             None             OFF              ---                 ---                 ---              OFF          OFF                8                  ---               5                         ---                       OFF           
FTDI_DATA[5]      E8    Yes    GPIO15NB2                             Bank2     LVCMOS33   Inout         None                No                  ON             None             OFF              ---                 ---                 ---              OFF          OFF                8                  ---               5                         ---                       OFF           
FTDI_DATA[6]      C2    Yes    GPIO252PB2/DQS                        Bank2     LVCMOS33   Inout         None                No                  ON             None             OFF              ---                 ---                 ---              OFF          OFF                8                  ---               5                         ---                       OFF           
FTDI_DATA[7]      E7    Yes    GPIO15PB2                             Bank2     LVCMOS33   Inout         None                No                  ON             None             OFF              ---                 ---                 ---              OFF          OFF                8                  ---               5                         ---                       OFF           
FTDI_DATA[8]      D6    Yes    GPIO13NB2                             Bank2     LVCMOS33   Inout         None                No                  ON             None             OFF              ---                 ---                 ---              OFF          OFF                8                  ---               5                         ---                       OFF           
FTDI_DATA[9]      C8    Yes    GPIO14NB2/DQS                         Bank2     LVCMOS33   Inout         None                No                  ON             None             OFF              ---                 ---                 ---              OFF          OFF                8                  ---               5                         ---                       OFF           
FTDI_DATA[10]     E6    Yes    GPIO13PB2                             Bank2     LVCMOS33   Inout         None                No                  ON             None             OFF              ---                 ---                 ---              OFF          OFF                8                  ---               5                         ---                       OFF           
FTDI_DATA[11]     D8    Yes    GPIO14PB2/DQS                         Bank2     LVCMOS33   Inout         None                No                  ON             None             OFF              ---                 ---                 ---              OFF          OFF                8                  ---               5                         ---                       OFF           
FTDI_DATA[12]     H8    Yes    GPIO7NB2                              Bank2     LVCMOS33   Inout         None                No                  ON             None             OFF              ---                 ---                 ---              OFF          OFF                8                  ---               5                         ---                       OFF           
FTDI_DATA[13]     C4    Yes    GPIO254NB2                            Bank2     LVCMOS33   Inout         None                No                  ON             None             OFF              ---                 ---                 ---              OFF          OFF                8                  ---               5                         ---                       OFF           
FTDI_DATA[14]     H9    Yes    GPIO7PB2/CLKIN_S_5                    Bank2     LVCMOS33   Inout         None                No                  ON             None             OFF              ---                 ---                 ---              OFF          OFF                8                  ---               5                         ---                       OFF           
FTDI_DATA[15]     C3    Yes    GPIO254PB2                            Bank2     LVCMOS33   Inout         None                No                  ON             None             OFF              ---                 ---                 ---              OFF          OFF                8                  ---               5                         ---                       OFF           
FTDI_DATA[16]     H11   Yes    GPIO4NB2                              Bank2     LVCMOS33   Inout         None                No                  ON             None             OFF              ---                 ---                 ---              OFF          OFF                8                  ---               5                         ---                       OFF           
FTDI_DATA[17]     G7    Yes    GPIO8NB2/DQS                          Bank2     LVCMOS33   Inout         None                No                  ON             None             OFF              ---                 ---                 ---              OFF          OFF                8                  ---               5                         ---                       OFF           
FTDI_DATA[18]     J11   Yes    GPIO4PB2                              Bank2     LVCMOS33   Inout         None                No                  ON             None             OFF              ---                 ---                 ---              OFF          OFF                8                  ---               5                         ---                       OFF           
FTDI_DATA[19]     H7    Yes    GPIO8PB2/DQS                          Bank2     LVCMOS33   Inout         None                No                  ON             None             OFF              ---                 ---                 ---              OFF          OFF                8                  ---               5                         ---                       OFF           
FTDI_DATA[20]     A3    Yes    GPIO251NB2                            Bank2     LVCMOS33   Inout         None                No                  ON             None             OFF              ---                 ---                 ---              OFF          OFF                8                  ---               5                         ---                       OFF           
FTDI_DATA[21]     A4    Yes    GPIO253NB2                            Bank2     LVCMOS33   Inout         None                No                  ON             None             OFF              ---                 ---                 ---              OFF          OFF                8                  ---               5                         ---                       OFF           
FTDI_DATA[22]     A2    Yes    GPIO251PB2                            Bank2     LVCMOS33   Inout         None                No                  ON             None             OFF              ---                 ---                 ---              OFF          OFF                8                  ---               5                         ---                       OFF           
FTDI_DATA[23]     B4    Yes    GPIO253PB2                            Bank2     LVCMOS33   Inout         None                No                  ON             None             OFF              ---                 ---                 ---              OFF          OFF                8                  ---               5                         ---                       OFF           
FTDI_DATA[24]     A5    Yes    GPIO255NB2                            Bank2     LVCMOS33   Inout         None                No                  ON             None             OFF              ---                 ---                 ---              OFF          OFF                8                  ---               5                         ---                       OFF           
FTDI_DATA[25]     B5    Yes    GPIO255PB2                            Bank2     LVCMOS33   Inout         None                No                  ON             None             OFF              ---                 ---                 ---              OFF          OFF                8                  ---               5                         ---                       OFF           
FTDI_DATA[26]     B6    Yes    GPIO17NB2                             Bank2     LVCMOS33   Inout         None                No                  ON             None             OFF              ---                 ---                 ---              OFF          OFF                8                  ---               5                         ---                       OFF           
FTDI_DATA[27]     C6    Yes    GPIO17PB2                             Bank2     LVCMOS33   Inout         None                No                  ON             None             OFF              ---                 ---                 ---              OFF          OFF                8                  ---               5                         ---                       OFF           
FTDI_DATA[28]     B7    Yes    GPIO12NB2                             Bank2     LVCMOS33   Inout         None                No                  ON             None             OFF              ---                 ---                 ---              OFF          OFF                8                  ---               5                         ---                       OFF           
FTDI_DATA[29]     C7    Yes    GPIO12PB2                             Bank2     LVCMOS33   Inout         None                No                  ON             None             OFF              ---                 ---                 ---              OFF          OFF                8                  ---               5                         ---                       OFF           
FTDI_DATA[30]     F7    Yes    GPIO9NB2                              Bank2     LVCMOS33   Inout         None                No                  ON             None             OFF              ---                 ---                 ---              OFF          OFF                8                  ---               5                         ---                       OFF           
FTDI_DATA[31]     F8    Yes    GPIO9PB2/CLKIN_S_6                    Bank2     LVCMOS33   Inout         None                No                  ON             None             OFF              ---                 ---                 ---              OFF          OFF                8                  ---               5                         ---                       OFF           
FTDI_GPIO_0       B9    Yes    GPIO25PB2                             Bank2     LVCMOS33   Output        None                No                  ON             None             ---              ---                 ---                 ---              ---          OFF                8                  ---               5                         ---                       OFF           
FTDI_GPIO_1       A9    Yes    GPIO25NB2                             Bank2     LVCMOS33   Output        None                No                  ON             None             ---              ---                 ---                 ---              ---          OFF                8                  ---               5                         ---                       OFF           
FTDI_nOE          C11   Yes    GPIO29PB2/CLKIN_S_9/CCC_SE_CLKIN_S_9  Bank2     LVCMOS33   Output        None                No                  ON             None             ---              ---                 ---                 ---              ---          OFF                8                  ---               5                         ---                       OFF           
FTDI_nRD          B11   Yes    GPIO29NB2                             Bank2     LVCMOS33   Output        None                No                  ON             None             ---              ---                 ---                 ---              ---          OFF                8                  ---               5                         ---                       OFF           
FTDI_nRXF         E10   Yes    GPIO20PB2/DQS                         Bank2     LVCMOS33   Input         None                No                  ON             None             OFF              ---                 ---                 ---              OFF          ---                ---                ---               ---                       ---                       ---           
FTDI_nTXE         E11   Yes    GPIO20NB2/DQS                         Bank2     LVCMOS33   Input         None                No                  ON             None             OFF              ---                 ---                 ---              OFF          ---                ---                ---               ---                       ---                       ---           
FTDI_nWR          F13   Yes    GPIO22PB2                             Bank2     LVCMOS33   Output        None                No                  ON             None             ---              ---                 ---                 ---              ---          OFF                8                  ---               5                         ---                       OFF           
FTDI_RESET_N      F10   Yes    GPIO21NB2                             Bank2     LVCMOS33   Output        None                No                  ON             None             ---              ---                 ---                 ---              ---          OFF                8                  ---               5                         ---                       OFF           
FTDI_RESET_N_0    AL20  No     HSIO101PB1                            Bank1     LVCMOS18   Output        None                No                  ON             None             ---              ---                 ---                 120              ---          OFF                8                  ---               5                         ---                       OFF           
GPIO_0            H17   No     GPIO32NB2/DQS                         Bank2     LVCMOS33   Output        None                No                  ON             None             ---              ---                 ---                 ---              ---          OFF                8                  ---               5                         ---                       OFF           
GPIO_1            K16   No     GPIO31NB2                             Bank2     LVCMOS33   Output        None                No                  ON             None             ---              ---                 ---                 ---              ---          OFF                8                  ---               5                         ---                       OFF           
HMC_GPIO_0        L19   No     GPIO34PB2                             Bank2     LVCMOS33   Input         None                No                  ON             Up               OFF              ---                 ---                 ---              OFF          ---                ---                ---               ---                       ---                       ---           
HMC_GPIO_1        D11   No     GPIO26NB2/DQS                         Bank2     LVCMOS33   Input         None                No                  ON             Up               OFF              ---                 ---                 ---              OFF          ---                ---                ---               ---                       ---                       ---           
HMC_GPIO_2        C12   No     GPIO27NB2                             Bank2     LVCMOS33   Input         None                No                  ON             Up               OFF              ---                 ---                 ---              OFF          ---                ---                ---               ---                       ---                       ---           
HMC_GPIO_3        H4    No     GPIO242PB5                            Bank5     LVCMOS33   Input         None                No                  ON             Up               OFF              ---                 ---                 ---              OFF          ---                ---                ---               ---                       ---                       ---           
HMC_sclk          F14   No     GPIO19PB2                             Bank2     LVCMOS33   Output        None                No                  ON             None             ---              ---                 ---                 ---              ---          OFF                8                  ---               5                         ---                       OFF           
HMC_sdio          F12   No     GPIO23PB2                             Bank2     LVCMOS33   Inout         None                No                  ON             None             OFF              ---                 ---                 ---              OFF          OFF                8                  ---               5                         ---                       OFF           
HMC_ss_n          G16   No     GPIO5NB2                              Bank2     LVCMOS33   Output        None                No                  ON             None             ---              ---                 ---                 ---              ---          OFF                8                  ---               5                         ---                       OFF           
HMC_SYNC          J3    No     GPIO241NB5/DQS                        Bank5     LVCMOS33   Output        None                No                  ON             None             ---              ---                 ---                 ---              ---          OFF                8                  ---               5                         ---                       OFF           
LANE0_RXD_N       M30   Fixed  XCVR_1_RX0_N                          ---       
LANE0_RXD_P       M29   Fixed  XCVR_1_RX0_P                          ---       
LANE1_RXD_N       P30   Fixed  XCVR_1_RX1_N                          ---       
LANE1_RXD_P       P29   Fixed  XCVR_1_RX1_P                          ---       
LANE2_RXD_N       R32   Fixed  XCVR_1_RX2_N                          ---       
LANE2_RXD_P       R31   Fixed  XCVR_1_RX2_P                          ---       
LANE3_RXD_N       T30   Fixed  XCVR_1_RX3_N                          ---       
LANE3_RXD_P       T29   Fixed  XCVR_1_RX3_P                          ---       
LANE4_RXD_N       G32   Fixed  XCVR_3_RX0_N                          ---       
LANE4_RXD_P       G31   Fixed  XCVR_3_RX0_P                          ---       
LANE5_RXD_N       J32   Fixed  XCVR_3_RX1_N                          ---       
LANE5_RXD_P       J31   Fixed  XCVR_3_RX1_P                          ---       
LDO_PWR_GOOD      M17   No     GPIO30NB2                             Bank2     LVCMOS33   Input         None                No                  ON             Up               OFF              ---                 ---                 ---              OFF          ---                ---                ---               ---                       ---                       ---           
LED_1             U11   Yes    GPIO206NB4                            Bank4     LVCMOS33   Output        None                No                  ON             None             ---              ---                 ---                 ---              ---          OFF                8                  ---               5                         ---                       OFF           
LED_2             T5    Yes    GPIO217PB4/DQS                        Bank4     LVCMOS33   Output        None                No                  ON             None             ---              ---                 ---                 ---              ---          OFF                8                  ---               5                         ---                       OFF           
LED_3             W8    Yes    GPIO199PB4/DQS                        Bank4     LVCMOS33   Output        None                No                  ON             None             ---              ---                 ---                 ---              ---          OFF                8                  ---               5                         ---                       OFF           
LED_4             W9    Yes    GPIO201NB4                            Bank4     LVCMOS33   Output        None                No                  ON             None             ---              ---                 ---                 ---              ---          OFF                8                  ---               5                         ---                       OFF           
LMX1_miso         C9    No     GPIO24NB2                             Bank2     LVCMOS33   Input         None                No                  ON             Up               OFF              ---                 ---                 ---              OFF          ---                ---                ---               ---                       ---                       ---           
LMX1_mosi         G10   No     GPIO21PB2                             Bank2     LVCMOS33   Output        None                No                  ON             None             ---              ---                 ---                 ---              ---          OFF                8                  ---               5                         ---                       OFF           
LMX1_sclk         G14   No     GPIO3NB2                              Bank2     LVCMOS33   Output        None                No                  ON             None             ---              ---                 ---                 ---              ---          OFF                8                  ---               5                         ---                       OFF           
LMX1_ss_n         G1    No     GPIO243NB5                            Bank5     LVCMOS33   Output        None                No                  ON             None             ---              ---                 ---                 ---              ---          OFF                8                  ---               5                         ---                       OFF           
LMX2_miso         J4    No     GPIO241PB5/DQS/CCC_SW_PLL0_OUT0       Bank5     LVCMOS33   Input         None                No                  ON             Up               OFF              ---                 ---                 ---              OFF          ---                ---                ---               ---                       ---                       ---           
LMX2_mosi         F15   No     GPIO19NB2                             Bank2     LVCMOS33   Output        None                No                  ON             None             ---              ---                 ---                 ---              ---          OFF                8                  ---               5                         ---                       OFF           
LMX2_sclk         H12   No     GPIO1NB2                              Bank2     LVCMOS33   Output        None                No                  ON             None             ---              ---                 ---                 ---              ---          OFF                8                  ---               5                         ---                       OFF           
LMX2_ss_n         F9    No     GPIO6NB2                              Bank2     LVCMOS33   Output        None                No                  ON             None             ---              ---                 ---                 ---              ---          OFF                8                  ---               5                         ---                       OFF           
RX_0              U7    Yes    GPIO218NB4                            Bank4     LVCMOS33   Input         None                No                  ON             Up               OFF              ---                 ---                 ---              OFF          ---                ---                ---               ---                       ---                       ---           
RX_1              AA9   Yes    GPIO189NB4                            Bank4     LVCMOS33   Input         None                No                  ON             Up               OFF              ---                 ---                 ---              OFF          ---                ---                ---               ---                       ---                       ---           
SIWU_N            E13   Yes    GPIO22NB2                             Bank2     LVCMOS33   Output        None                No                  ON             None             ---              ---                 ---                 ---              ---          OFF                8                  ---               5                         ---                       OFF           
SMPS_PWR_GOOD     J16   No     GPIO31PB2                             Bank2     LVCMOS33   Input         None                No                  ON             Up               OFF              ---                 ---                 ---              OFF          ---                ---                ---               ---                       ---                       ---           
SYNC_IN_N         P3    No     GPIO222NB5                            Bank5     LVDS33     Input         None                No                  ON             None             OFF              MID                 ON                  100              OFF          ---                ---                ---               ---                       ---                       ---           
SYNC_IN_P         P4    No     GPIO222PB5                            Bank5     LVDS33     Input         None                No                  ON             None             OFF              MID                 ON                  100              OFF          ---                ---                ---               ---                       ---                       ---           
SYNC_OUT_1_N      N1    No     GPIO220NB5                            Bank5     LVDS33     Output        None                No                  ON             None             ---              ---                 ---                 100              ---          OFF                6                  ---               5                         OFF                       OFF           
SYNC_OUT_1_P      N2    No     GPIO220PB5                            Bank5     LVDS33     Output        None                No                  ON             None             ---              ---                 ---                 100              ---          OFF                6                  ---               5                         OFF                       OFF           
SYNC_OUT_2_N      J13   No     GPIO2NB2/DQS                          Bank2     LVDS33     Output        None                No                  ON             None             ---              ---                 ---                 100              ---          OFF                6                  ---               5                         OFF                       OFF           
SYNC_OUT_2_P      J14   No     GPIO2PB2/DQS                          Bank2     LVDS33     Output        None                No                  ON             None             ---              ---                 ---                 100              ---          OFF                6                  ---               5                         OFF                       OFF           
SYNCINB_N         U1    No     GPIO212NB4                            Bank4     LVDS33     Output        None                No                  ON             None             ---              ---                 ---                 100              ---          OFF                6                  ---               5                         OFF                       OFF           
SYNCINB_P         U2    No     GPIO212PB4                            Bank4     LVDS33     Output        None                No                  ON             None             ---              ---                 ---                 100              ---          OFF                6                  ---               5                         OFF                       OFF           
TX_0              V9    Yes    GPIO201PB4                            Bank4     LVCMOS33   Output        None                No                  ON             None             ---              ---                 ---                 ---              ---          OFF                8                  ---               5                         ---                       OFF           
TX_1              W5    Yes    GPIO195PB4                            Bank4     LVCMOS33   Output        None                No                  ON             None             ---              ---                 ---                 ---              ---          OFF                8                  ---               5                         ---                       OFF           
