----------------------------------------------------------------
-Pin Report - Date: Wed Aug 23 21:42:05 2023 Pinchecksum: NOT-AVAILABLE
-Product: Designer
-Release: v2022.1
-Version: 2022.1.0.10
-Design Name: Top
-Family: PolarFire
-Die: MPF300TS_ES
-Package: FCG1152
-----------------------------------------------------------------

Port             |Pin  |Fixed |Function                                               |Bank     |I/O Std   |Direction    |Used I/O Reg       |User I/O Lock Down |Clamp Diode   |Resistor Pull   |Schmitt Trigger |Vcm Input Range    |On Die Termination |Odt Value (Ohm) |Input Delay |Slew              |Output Drive (mA) |Impedance (ohm)  |Output Load (pF)         |Source Termination (Ohm) |Output Delay |
-----------------|-----|------|-------------------------------------------------------|---------|----------|-------------|-------------------|-------------------|--------------|----------------|----------------|-------------------|-------------------|----------------|------------|------------------|------------------|-----------------|-------------------------|-------------------------|-------------|
ADC_FD            K5    No     GPIO232PB5                                              Bank5     LVCMOS33   Input         None                No                  ON             Up               OFF              ---                 ---                 ---              OFF          ---                ---                ---               ---                       ---                       ---           
ADC_GPIO_0        N8    No     GPIO231PB5                                              Bank5     LVCMOS33   Input         None                No                  ON             Up               OFF              ---                 ---                 ---              OFF          ---                ---                ---               ---                       ---                       ---           
ADC_GPIO_1        K3    No     GPIO238NB5                                              Bank5     LVCMOS33   Input         None                No                  ON             Up               OFF              ---                 ---                 ---              OFF          ---                ---                ---               ---                       ---                       ---           
ADC_GPIO_2        J5    No     GPIO235NB5/DQS                                          Bank5     LVCMOS33   Input         None                No                  ON             Up               OFF              ---                 ---                 ---              OFF          ---                ---                ---               ---                       ---                       ---           
ADC_GPIO_3        P5    No     GPIO229NB5/DQS                                          Bank5     LVCMOS33   Input         None                No                  ON             Up               OFF              ---                 ---                 ---              OFF          ---                ---                ---               ---                       ---                       ---           
ADC_GPIO_4        J8    No     GPIO237PB5                                              Bank5     LVCMOS33   Input         None                No                  ON             Up               OFF              ---                 ---                 ---              OFF          ---                ---                ---               ---                       ---                       ---           
ADC_LDO_PWR_GOOD  M6    No     GPIO234PB5                                              Bank5     LVCMOS33   Input         None                No                  ON             Up               OFF              ---                 ---                 ---              OFF          ---                ---                ---               ---                       ---                       ---           
ADC_PWDN          L7    No     GPIO236NB5                                              Bank5     LVCMOS33   Output        None                No                  ON             None             ---              ---                 ---                 ---              ---          OFF                8                  ---               5                         ---                       OFF           
ADC_PWR_RUN       M7    No     GPIO231NB5                                              Bank5     LVCMOS33   Output        None                No                  ON             None             ---              ---                 ---                 ---              ---          OFF                8                  ---               5                         ---                       OFF           
ADC_sclk          G2    No     GPIO243PB5/CLKIN_W_0/CCC_SW_CLKIN_W_0                   Bank5     LVCMOS33   Output        None                No                  ON             None             ---              ---                 ---                 ---              ---          OFF                8                  ---               5                         ---                       OFF           
ADC_sdio          K15   No     GPIO0PB2                                                Bank2     LVCMOS33   Inout         None                No                  ON             Up               OFF              ---                 ---                 ---              OFF          OFF                8                  ---               5                         ---                       OFF           
ADC_ss_n          G15   No     GPIO5PB2                                                Bank2     LVCMOS33   Output        None                No                  ON             None             ---              ---                 ---                 ---              ---          OFF                8                  ---               5                         ---                       OFF           
atck              J10   Fixed  TCK                                                     ---       
atdi              K11   Fixed  TDI                                                     ---       
atdo              K9    Fixed  TDO                                                     ---       
atms              J9    Fixed  TMS                                                     ---       
atrstb            N14   Fixed  TRSTB                                                   ---       
BOARD_PWR_RUN     K2    No     GPIO238PB5/CCC_SW_PLL0_OUT1                             Bank5     LVCMOS33   Output        None                No                  ON             None             ---              ---                 ---                 ---              ---          OFF                8                  ---               5                         ---                       OFF           
BTN_1             T4    Yes    GPIO217NB4/DQS                                          Bank4     LVCMOS33   Input         None                No                  ON             None             OFF              ---                 ---                 ---              OFF          ---                ---                ---               ---                       ---                       ---           
CLK_OUT_N         F9    No     GPIO6NB2                                                Bank2     LVDS33     Output        None                No                  ON             None             ---              ---                 ---                 100              ---          OFF                6                  ---               5                         OFF                       OFF           
CLK_OUT_P         G9    No     GPIO6PB2/CLKIN_S_4                                      Bank2     LVDS33     Output        None                No                  ON             None             ---              ---                 ---                 100              ---          OFF                6                  ---               5                         OFF                       OFF           
DBGport_0         AA3   Yes    GPIO190PB4                                              Bank4     LVCMOS33   Output        None                No                  ON             None             ---              ---                 ---                 ---              ---          OFF                8                  ---               5                         ---                       OFF           
DBGport_1         AB5   Yes    GPIO182PB4                                              Bank4     LVCMOS33   Output        None                No                  ON             None             ---              ---                 ---                 ---              ---          OFF                8                  ---               5                         ---                       OFF           
DBGport_2         AA5   Yes    GPIO191NB4                                              Bank4     LVCMOS33   Output        None                No                  ON             None             ---              ---                 ---                 ---              ---          OFF                8                  ---               5                         ---                       OFF           
DBGport_3         W4    Yes    GPIO193PB4/DQS                                          Bank4     LVCMOS33   Output        None                No                  ON             None             ---              ---                 ---                 ---              ---          OFF                8                  ---               5                         ---                       OFF           
DBGport_4         AA4   Yes    GPIO191PB4                                              Bank4     LVCMOS33   Output        None                No                  ON             None             ---              ---                 ---                 ---              ---          OFF                8                  ---               5                         ---                       OFF           
DBGport_5         AB6   Yes    GPIO179NB4                                              Bank4     LVCMOS33   Output        None                No                  ON             None             ---              ---                 ---                 ---              ---          OFF                8                  ---               5                         ---                       OFF           
DBGport_6         V3    Yes    GPIO208PB4                                              Bank4     LVCMOS33   Output        None                No                  ON             None             ---              ---                 ---                 ---              ---          OFF                8                  ---               5                         ---                       OFF           
DBGport_7         V4    Yes    GPIO208NB4                                              Bank4     LVCMOS33   Output        None                No                  ON             None             ---              ---                 ---                 ---              ---          OFF                8                  ---               5                         ---                       OFF           
DBGport_8         AL25  Yes    HSIO77NB1                                               Bank1     LVCMOS18   Output        None                No                  ON             None             ---              ---                 ---                 120              ---          OFF                8                  ---               5                         ---                       OFF           
DBGport_9         AH22  Yes    HSIO99PB1/DQS                                           Bank1     LVCMOS18   Output        None                No                  ON             None             ---              ---                 ---                 120              ---          OFF                8                  ---               5                         ---                       OFF           
EXT_ADC_Reset_N   H3    No     GPIO242NB5                                              Bank5     LVCMOS33   Output        None                No                  ON             None             ---              ---                 ---                 ---              ---          OFF                8                  ---               5                         ---                       OFF           
EXT_HMC_Reset_N   G1    No     GPIO243NB5                                              Bank5     LVCMOS33   Output        None                No                  ON             None             ---              ---                 ---                 ---              ---          OFF                8                  ---               5                         ---                       OFF           
EXT_LMX1_Reset_N  G14   No     GPIO3NB2                                                Bank2     LVCMOS33   Output        None                No                  ON             None             ---              ---                 ---                 ---              ---          OFF                8                  ---               5                         ---                       OFF           
EXT_LMX2_Reset_N  K1    No     GPIO239NB5                                              Bank5     LVCMOS33   Output        None                No                  ON             None             ---              ---                 ---                 ---              ---          OFF                8                  ---               5                         ---                       OFF           
FTDI_BE[0]        A8    Yes    GPIO16NB2                                               Bank2     LVCMOS33   Output        None                No                  ON             None             ---              ---                 ---                 ---              ---          OFF                8                  ---               5                         ---                       OFF           
FTDI_BE[1]        A7    Yes    GPIO16PB2                                               Bank2     LVCMOS33   Output        None                No                  ON             None             ---              ---                 ---                 ---              ---          OFF                8                  ---               5                         ---                       OFF           
FTDI_BE[2]        G11   Yes    GPIO18NB2                                               Bank2     LVCMOS33   Output        None                No                  ON             None             ---              ---                 ---                 ---              ---          OFF                8                  ---               5                         ---                       OFF           
FTDI_BE[3]        G12   Yes    GPIO18PB2                                               Bank2     LVCMOS33   Output        None                No                  ON             None             ---              ---                 ---                 ---              ---          OFF                8                  ---               5                         ---                       OFF           
FTDI_CLK          G4    Yes    GPIO244PB2/CCC_SW_CLKIN_S_0                             Bank2     LVCMOS33   Input         None                No                  ON             None             OFF              ---                 ---                 ---              OFF          ---                ---                ---               ---                       ---                       ---           
FTDI_DATA[0]      B1    Yes    GPIO250NB2                                              Bank2     LVCMOS33   Inout         None                No                  ON             None             OFF              ---                 ---                 ---              OFF          OFF                8                  ---               5                         ---                       OFF           
FTDI_DATA[1]      F5    Yes    GPIO11NB2                                               Bank2     LVCMOS33   Inout         None                No                  ON             None             OFF              ---                 ---                 ---              OFF          OFF                8                  ---               5                         ---                       OFF           
FTDI_DATA[2]      C1    Yes    GPIO250PB2                                              Bank2     LVCMOS33   Inout         None                No                  ON             None             OFF              ---                 ---                 ---              OFF          OFF                8                  ---               5                         ---                       OFF           
FTDI_DATA[3]      G5    Yes    GPIO11PB2/CLKIN_S_7                                     Bank2     LVCMOS33   Inout         None                No                  ON             None             OFF              ---                 ---                 ---              OFF          OFF                8                  ---               5                         ---                       OFF           
FTDI_DATA[4]      B2    Yes    GPIO252NB2/DQS                                          Bank2     LVCMOS33   Inout         None                No                  ON             None             OFF              ---                 ---                 ---              OFF          OFF                8                  ---               5                         ---                       OFF           
FTDI_DATA[5]      E8    Yes    GPIO15NB2                                               Bank2     LVCMOS33   Inout         None                No                  ON             None             OFF              ---                 ---                 ---              OFF          OFF                8                  ---               5                         ---                       OFF           
FTDI_DATA[6]      C2    Yes    GPIO252PB2/DQS                                          Bank2     LVCMOS33   Inout         None                No                  ON             None             OFF              ---                 ---                 ---              OFF          OFF                8                  ---               5                         ---                       OFF           
FTDI_DATA[7]      E7    Yes    GPIO15PB2                                               Bank2     LVCMOS33   Inout         None                No                  ON             None             OFF              ---                 ---                 ---              OFF          OFF                8                  ---               5                         ---                       OFF           
FTDI_DATA[8]      D6    Yes    GPIO13NB2                                               Bank2     LVCMOS33   Inout         None                No                  ON             None             OFF              ---                 ---                 ---              OFF          OFF                8                  ---               5                         ---                       OFF           
FTDI_DATA[9]      C8    Yes    GPIO14NB2/DQS                                           Bank2     LVCMOS33   Inout         None                No                  ON             None             OFF              ---                 ---                 ---              OFF          OFF                8                  ---               5                         ---                       OFF           
FTDI_DATA[10]     E6    Yes    GPIO13PB2                                               Bank2     LVCMOS33   Inout         None                No                  ON             None             OFF              ---                 ---                 ---              OFF          OFF                8                  ---               5                         ---                       OFF           
FTDI_DATA[11]     D8    Yes    GPIO14PB2/DQS                                           Bank2     LVCMOS33   Inout         None                No                  ON             None             OFF              ---                 ---                 ---              OFF          OFF                8                  ---               5                         ---                       OFF           
FTDI_DATA[12]     H8    Yes    GPIO7NB2                                                Bank2     LVCMOS33   Inout         None                No                  ON             None             OFF              ---                 ---                 ---              OFF          OFF                8                  ---               5                         ---                       OFF           
FTDI_DATA[13]     C4    Yes    GPIO254NB2                                              Bank2     LVCMOS33   Inout         None                No                  ON             None             OFF              ---                 ---                 ---              OFF          OFF                8                  ---               5                         ---                       OFF           
FTDI_DATA[14]     H9    Yes    GPIO7PB2/CLKIN_S_5                                      Bank2     LVCMOS33   Inout         None                No                  ON             None             OFF              ---                 ---                 ---              OFF          OFF                8                  ---               5                         ---                       OFF           
FTDI_DATA[15]     C3    Yes    GPIO254PB2                                              Bank2     LVCMOS33   Inout         None                No                  ON             None             OFF              ---                 ---                 ---              OFF          OFF                8                  ---               5                         ---                       OFF           
FTDI_DATA[16]     H11   Yes    GPIO4NB2                                                Bank2     LVCMOS33   Inout         None                No                  ON             None             OFF              ---                 ---                 ---              OFF          OFF                8                  ---               5                         ---                       OFF           
FTDI_DATA[17]     G7    Yes    GPIO8NB2/DQS                                            Bank2     LVCMOS33   Inout         None                No                  ON             None             OFF              ---                 ---                 ---              OFF          OFF                8                  ---               5                         ---                       OFF           
FTDI_DATA[18]     J11   Yes    GPIO4PB2                                                Bank2     LVCMOS33   Inout         None                No                  ON             None             OFF              ---                 ---                 ---              OFF          OFF                8                  ---               5                         ---                       OFF           
FTDI_DATA[19]     H7    Yes    GPIO8PB2/DQS                                            Bank2     LVCMOS33   Inout         None                No                  ON             None             OFF              ---                 ---                 ---              OFF          OFF                8                  ---               5                         ---                       OFF           
FTDI_DATA[20]     A3    Yes    GPIO251NB2                                              Bank2     LVCMOS33   Inout         None                No                  ON             None             OFF              ---                 ---                 ---              OFF          OFF                8                  ---               5                         ---                       OFF           
FTDI_DATA[21]     A4    Yes    GPIO253NB2                                              Bank2     LVCMOS33   Inout         None                No                  ON             None             OFF              ---                 ---                 ---              OFF          OFF                8                  ---               5                         ---                       OFF           
FTDI_DATA[22]     A2    Yes    GPIO251PB2                                              Bank2     LVCMOS33   Inout         None                No                  ON             None             OFF              ---                 ---                 ---              OFF          OFF                8                  ---               5                         ---                       OFF           
FTDI_DATA[23]     B4    Yes    GPIO253PB2                                              Bank2     LVCMOS33   Inout         None                No                  ON             None             OFF              ---                 ---                 ---              OFF          OFF                8                  ---               5                         ---                       OFF           
FTDI_DATA[24]     A5    Yes    GPIO255NB2                                              Bank2     LVCMOS33   Inout         None                No                  ON             None             OFF              ---                 ---                 ---              OFF          OFF                8                  ---               5                         ---                       OFF           
FTDI_DATA[25]     B5    Yes    GPIO255PB2                                              Bank2     LVCMOS33   Inout         None                No                  ON             None             OFF              ---                 ---                 ---              OFF          OFF                8                  ---               5                         ---                       OFF           
FTDI_DATA[26]     B6    Yes    GPIO17NB2                                               Bank2     LVCMOS33   Inout         None                No                  ON             None             OFF              ---                 ---                 ---              OFF          OFF                8                  ---               5                         ---                       OFF           
FTDI_DATA[27]     C6    Yes    GPIO17PB2                                               Bank2     LVCMOS33   Inout         None                No                  ON             None             OFF              ---                 ---                 ---              OFF          OFF                8                  ---               5                         ---                       OFF           
FTDI_DATA[28]     B7    Yes    GPIO12NB2                                               Bank2     LVCMOS33   Inout         None                No                  ON             None             OFF              ---                 ---                 ---              OFF          OFF                8                  ---               5                         ---                       OFF           
FTDI_DATA[29]     C7    Yes    GPIO12PB2                                               Bank2     LVCMOS33   Inout         None                No                  ON             None             OFF              ---                 ---                 ---              OFF          OFF                8                  ---               5                         ---                       OFF           
FTDI_DATA[30]     F7    Yes    GPIO9NB2                                                Bank2     LVCMOS33   Inout         None                No                  ON             None             OFF              ---                 ---                 ---              OFF          OFF                8                  ---               5                         ---                       OFF           
FTDI_DATA[31]     F8    Yes    GPIO9PB2/CLKIN_S_6                                      Bank2     LVCMOS33   Inout         None                No                  ON             None             OFF              ---                 ---                 ---              OFF          OFF                8                  ---               5                         ---                       OFF           
FTDI_GPIO_0       B9    Yes    GPIO25PB2                                               Bank2     LVCMOS33   Output        None                No                  ON             None             ---              ---                 ---                 ---              ---          OFF                8                  ---               5                         ---                       OFF           
FTDI_GPIO_1       A9    Yes    GPIO25NB2                                               Bank2     LVCMOS33   Output        None                No                  ON             None             ---              ---                 ---                 ---              ---          OFF                8                  ---               5                         ---                       OFF           
FTDI_nOE          C11   Yes    GPIO29PB2/CLKIN_S_9/CCC_SE_CLKIN_S_9                    Bank2     LVCMOS33   Output        None                No                  ON             None             ---              ---                 ---                 ---              ---          OFF                8                  ---               5                         ---                       OFF           
FTDI_nRD          B11   Yes    GPIO29NB2                                               Bank2     LVCMOS33   Output        None                No                  ON             None             ---              ---                 ---                 ---              ---          OFF                8                  ---               5                         ---                       OFF           
FTDI_nRXF         E10   Yes    GPIO20PB2/DQS                                           Bank2     LVCMOS33   Input         None                No                  ON             None             OFF              ---                 ---                 ---              OFF          ---                ---                ---               ---                       ---                       ---           
FTDI_nTXE         E11   Yes    GPIO20NB2/DQS                                           Bank2     LVCMOS33   Input         None                No                  ON             None             OFF              ---                 ---                 ---              OFF          ---                ---                ---               ---                       ---                       ---           
FTDI_nWR          F13   Yes    GPIO22PB2                                               Bank2     LVCMOS33   Output        None                No                  ON             None             ---              ---                 ---                 ---              ---          OFF                8                  ---               5                         ---                       OFF           
FTDI_RESET_N      F10   Yes    GPIO21NB2                                               Bank2     LVCMOS33   Output        None                No                  ON             None             ---              ---                 ---                 ---              ---          OFF                8                  ---               5                         ---                       OFF           
GPIO_0            K8    No     GPIO237NB5                                              Bank5     LVCMOS33   Output        None                No                  ON             None             ---              ---                 ---                 ---              ---          OFF                8                  ---               5                         ---                       OFF           
GPIO_1            H2    No     GPIO240PB5/CLKIN_W_1/CCC_SW_CLKIN_W_1                   Bank5     LVCMOS33   Output        None                No                  ON             None             ---              ---                 ---                 ---              ---          OFF                8                  ---               5                         ---                       OFF           
HMC_GPIO_0        P6    No     GPIO229PB5/DQS                                          Bank5     LVCMOS33   Input         None                No                  ON             Up               OFF              ---                 ---                 ---              OFF          ---                ---                ---               ---                       ---                       ---           
HMC_GPIO_1        K6    No     GPIO233NB5                                              Bank5     LVCMOS33   Input         None                No                  ON             Up               OFF              ---                 ---                 ---              OFF          ---                ---                ---               ---                       ---                       ---           
HMC_GPIO_2        J13   No     GPIO2NB2/DQS                                            Bank2     LVCMOS33   Input         None                No                  ON             Up               OFF              ---                 ---                 ---              OFF          ---                ---                ---               ---                       ---                       ---           
HMC_GPIO_3        K7    No     GPIO233PB5                                              Bank5     LVCMOS33   Input         None                No                  ON             Up               OFF              ---                 ---                 ---              OFF          ---                ---                ---               ---                       ---                       ---           
HMC_sclk          J3    No     GPIO241NB5/DQS                                          Bank5     LVCMOS33   Output        None                No                  ON             None             ---              ---                 ---                 ---              ---          OFF                8                  ---               5                         ---                       OFF           
HMC_sdio          H1    No     GPIO240NB5                                              Bank5     LVCMOS33   Inout         None                No                  ON             None             OFF              ---                 ---                 ---              OFF          OFF                8                  ---               5                         ---                       OFF           
HMC_ss_n          J4    No     GPIO241PB5/DQS/CCC_SW_PLL0_OUT0                         Bank5     LVCMOS33   Output        None                No                  ON             None             ---              ---                 ---                 ---              ---          OFF                8                  ---               5                         ---                       OFF           
HMC_SYNC          M5    No     GPIO234NB5                                              Bank5     LVCMOS33   Output        None                No                  ON             None             ---              ---                 ---                 ---              ---          OFF                8                  ---               5                         ---                       OFF           
LDO_PWR_GOOD      J6    No     GPIO235PB5/DQS                                          Bank5     LVCMOS33   Input         None                No                  ON             Up               OFF              ---                 ---                 ---              OFF          ---                ---                ---               ---                       ---                       ---           
LED_1             U11   Yes    GPIO206NB4                                              Bank4     LVCMOS33   Output        None                No                  ON             None             ---              ---                 ---                 ---              ---          OFF                8                  ---               5                         ---                       OFF           
LED_2             T5    Yes    GPIO217PB4/DQS                                          Bank4     LVCMOS33   Output        None                No                  ON             None             ---              ---                 ---                 ---              ---          OFF                8                  ---               5                         ---                       OFF           
LED_3             W8    Yes    GPIO199PB4/DQS                                          Bank4     LVCMOS33   Output        None                No                  ON             None             ---              ---                 ---                 ---              ---          OFF                8                  ---               5                         ---                       OFF           
LED_4             W9    Yes    GPIO201NB4                                              Bank4     LVCMOS33   Output        None                No                  ON             None             ---              ---                 ---                 ---              ---          OFF                8                  ---               5                         ---                       OFF           
LMX1_miso         J14   No     GPIO2PB2/DQS                                            Bank2     LVCMOS33   Input         None                No                  ON             Up               OFF              ---                 ---                 ---              OFF          ---                ---                ---               ---                       ---                       ---           
LMX1_mosi         J15   No     GPIO0NB2                                                Bank2     LVCMOS33   Output        None                No                  ON             None             ---              ---                 ---                 ---              ---          OFF                8                  ---               5                         ---                       OFF           
LMX1_sclk         H13   No     GPIO1PB2                                                Bank2     LVCMOS33   Output        None                No                  ON             None             ---              ---                 ---                 ---              ---          OFF                8                  ---               5                         ---                       OFF           
LMX1_ss_n         H4    No     GPIO242PB5                                              Bank5     LVCMOS33   Output        None                No                  ON             None             ---              ---                 ---                 ---              ---          OFF                8                  ---               5                         ---                       OFF           
LMX2_miso         J1    No     GPIO239PB5/CLKIN_W_2/CCC_SW_CLKIN_W_2/CCC_SW_PLL0_OUT0  Bank5     LVCMOS33   Input         None                No                  ON             Up               OFF              ---                 ---                 ---              OFF          ---                ---                ---               ---                       ---                       ---           
LMX2_mosi         H12   No     GPIO1NB2                                                Bank2     LVCMOS33   Output        None                No                  ON             None             ---              ---                 ---                 ---              ---          OFF                8                  ---               5                         ---                       OFF           
LMX2_sclk         H14   No     GPIO3PB2                                                Bank2     LVCMOS33   Output        None                No                  ON             None             ---              ---                 ---                 ---              ---          OFF                8                  ---               5                         ---                       OFF           
LMX2_ss_n         G16   No     GPIO5NB2                                                Bank2     LVCMOS33   Output        None                No                  ON             None             ---              ---                 ---                 ---              ---          OFF                8                  ---               5                         ---                       OFF           
RX_0              U7    Yes    GPIO218NB4                                              Bank4     LVCMOS33   Input         None                No                  ON             Up               OFF              ---                 ---                 ---              OFF          ---                ---                ---               ---                       ---                       ---           
RX_1              AA9   Yes    GPIO189NB4                                              Bank4     LVCMOS33   Input         None                No                  ON             Up               OFF              ---                 ---                 ---              OFF          ---                ---                ---               ---                       ---                       ---           
SIWU_N            E13   Yes    GPIO22NB2                                               Bank2     LVCMOS33   Output        None                No                  ON             None             ---              ---                 ---                 ---              ---          OFF                8                  ---               5                         ---                       OFF           
SMPS_PWR_GOOD     L8    No     GPIO236PB5                                              Bank5     LVCMOS33   Input         None                No                  ON             Up               OFF              ---                 ---                 ---              OFF          ---                ---                ---               ---                       ---                       ---           
SYNC_IN_N         P8    No     GPIO230NB5                                              Bank5     LVDS33     Input         None                No                  ON             None             OFF              MID                 ON                  100              OFF          ---                ---                ---               ---                       ---                       ---           
SYNC_IN_P         P9    No     GPIO230PB5                                              Bank5     LVDS33     Input         None                No                  ON             None             OFF              MID                 ON                  100              OFF          ---                ---                ---               ---                       ---                       ---           
SYNC_OUT_1_N      R6    No     GPIO227NB5                                              Bank5     LVDS33     Output        None                No                  ON             None             ---              ---                 ---                 100              ---          OFF                6                  ---               5                         OFF                       OFF           
SYNC_OUT_1_P      R5    No     GPIO227PB5                                              Bank5     LVDS33     Output        None                No                  ON             None             ---              ---                 ---                 100              ---          OFF                6                  ---               5                         OFF                       OFF           
SYNC_OUT_2_N      P3    No     GPIO222NB5                                              Bank5     LVDS33     Output        None                No                  ON             None             ---              ---                 ---                 100              ---          OFF                6                  ---               5                         OFF                       OFF           
SYNC_OUT_2_P      P4    No     GPIO222PB5                                              Bank5     LVDS33     Output        None                No                  ON             None             ---              ---                 ---                 100              ---          OFF                6                  ---               5                         OFF                       OFF           
SYNCINB_N         N1    No     GPIO220NB5                                              Bank5     LVDS33     Output        None                No                  ON             None             ---              ---                 ---                 100              ---          OFF                6                  ---               5                         OFF                       OFF           
SYNCINB_P         N2    No     GPIO220PB5                                              Bank5     LVDS33     Output        None                No                  ON             None             ---              ---                 ---                 100              ---          OFF                6                  ---               5                         OFF                       OFF           
TX_0              V9    Yes    GPIO201PB4                                              Bank4     LVCMOS33   Output        None                No                  ON             None             ---              ---                 ---                 ---              ---          OFF                8                  ---               5                         ---                       OFF           
TX_1              W5    Yes    GPIO195PB4                                              Bank4     LVCMOS33   Output        None                No                  ON             None             ---              ---                 ---                 ---              ---          OFF                8                  ---               5                         ---                       OFF           
