Compile Report
Microsemi Corporation - Microsemi Libero Software Release v2022.1 (Version 2022.1.0.10)
Date: Mon May 15 21:48:42 2023

Device Selection
+--------------------------------------------+-------------+
| Family                                     | PolarFire   |
| Device                                     | MPF300TS_ES |
| Package                                    | FCG1152     |
| Speed Grade                                | -1          |
| Core Voltage                               | 1.0V        |
| Part Range                                 | EXT         |
| Default I/O technology                     | LVCMOS 1.8V |
| FPGA Hardware Breakpoint Auto Instantation | Off         |
+--------------------------------------------+-------------+

Source Files
+---------+------------------------------------------------------------------+
| Topcell | Top                                                              |
| Format  | Verilog                                                          |
| Source  | C:\VHDL_temp\Digitizer\Digitizer_vhdl\Digitizer\synthesis\Top.vm |
+---------+------------------------------------------------------------------+

Options
+----------------------------------------------------+----+
| Limit the number of high fanout nets to display to | 10 |
+----------------------------------------------------+----+

Resource Usage
+---------------------------+-------+--------+------------+
| Type                      | Used  | Total  | Percentage |
+---------------------------+-------+--------+------------+
| 4LUT                      | 29553 | 299544 | 9.87       |
| DFF                       | 28696 | 299544 | 9.58       |
| I/O Register              | 0     | 1536   | 0.00       |
| User I/O                  | 17    | 512    | 3.32       |
| -- Single-ended I/O       | 17    | 512    | 3.32       |
| -- Differential I/O Pairs | 0     | 256    | 0.00       |
| uSRAM                     | 0     | 2772   | 0.00       |
| LSRAM                     | 691   | 952    | 72.58      |
| Math                      | 0     | 924    | 0.00       |
| H-Chip Global             | 5     | 48     | 10.42      |
| PLL                       | 1     | 8      | 12.50      |
| DLL                       | 0     | 8      | 0.00       |
| CRN_INT                   | 1     | 24     | 4.17       |
| INIT                      | 1     | 1      | 100.00     |
| OSC_RC160MHZ              | 1     | 1      | 100.00     |
| Transceiver Lanes         | 0     | 16     | 0.00       |
| Transceiver PCIe          | 0     | 2      | 0.00       |
| ICB_CLKINT                | 3     | 72     | 4.17       |
+---------------------------+-------+--------+------------+

Detailed Logic Resource Usage
+-----------------------+-------+-------+
| Type                  | 4LUT  | DFF   |
+-----------------------+-------+-------+
| Fabric Logic          | 4677  | 3820  |
| uSRAM Interface Logic | 0     | 0     |
| LSRAM Interface Logic | 24876 | 24876 |
| Math Interface Logic  | 0     | 0     |
| Total Used            | 29553 | 28696 |
+-----------------------+-------+-------+

Detailed Carry Chains Resource Usage
+--------+------+
| Length | Used |
| 6      | 1    |
| 9      | 9    |
| 10     | 2    |
| 11     | 21   |
| 12     | 17   |
| 13     | 8    |
| 14     | 2    |
| 15     | 17   |
| 16     | 28   |
| 17     | 1    |
| 20     | 5    |
| 21     | 3    |
| 24     | 1    |
| 26     | 2    |
| 32     | 3    |
| 33     | 7    |
| Total  | 127  |
+--------+------+

Detailed 4LUT Groups Resource Usage
+--------+------+
| Length | Used |
| 5      | 2    |
| Total  | 2    |
+--------+------+

I/O Function
+-------------------------------+--------------+-------------+-----------------+
| Type                          | w/o register | w/ register | w/ DDR register |
+-------------------------------+--------------+-------------+-----------------+
| Input I/O                     | 2            | 0           | 0               |
| Output I/O                    | 14           | 0           | 0               |
| Bidirectional I/O             | 1            | 0           | 0               |
| Differential Input I/O Pairs  | 0            | 0           | 0               |
| Differential Output I/O Pairs | 0            | 0           | 0               |
+-------------------------------+--------------+-------------+-----------------+

Nets assigned to chip global resources
+--------+---------+-------------------------------------------------------------------------------------+
| Fanout | Type    | Name                                                                                |
+--------+---------+-------------------------------------------------------------------------------------+
| 4163   | INT_NET | Net   : Clock_Reset_0_Main_CLOCK                                                    |
|        |         | Driver: Clock_Reset_0/PF_CCC_C0_0/PF_CCC_C0_0/clkint_0/U0_RGB1                      |
|        |         | Source: NETLIST                                                                     |
| 2593   | INT_NET | Net   : dff_arst                                                                    |
|        |         | Driver: Clock_Reset_0/CORERESET_PF_C0_0/CORERESET_PF_C0_0/dff_15_rep_RNI6H8/U0_RGB1 |
|        |         | Source: NETLIST                                                                     |
| 1038   | INT_NET | Net   : Clock_Reset_0_UART_CLOCK                                                    |
|        |         | Driver: Clock_Reset_0/PF_CCC_C0_0/PF_CCC_C0_0/clkint_4/U0_RGB1                      |
|        |         | Source: NETLIST                                                                     |
| 870    | INT_NET | Net   : Clock_Reset_0_Synchronizer_0_Chain[1]                                       |
|        |         | Driver: Clock_Reset_0/Synchronizer_0/Chain_RNI23CB[1]/U0_RGB1                       |
|        |         | Source: NETLIST                                                                     |
| 1      | INT_NET | Net   : Clock_Reset_0/PF_OSC_C0_0_RCOSC_160MHZ_GL                                   |
|        |         | Driver: Clock_Reset_0/PF_OSC_C0_0/PF_OSC_C0_0/I_OSC_160_INT/U0_RGB1                 |
|        |         | Source: NETLIST                                                                     |
+--------+---------+-------------------------------------------------------------------------------------+

Nets assigned to row global resources
+--------+------+------+
| Fanout | Type | Name |
+--------+------+------+
+--------+------+------+

High fanout nets
+--------+---------+-----------------------------------------------------------------------+
| Fanout | Type    | Name                                                                  |
+--------+---------+-----------------------------------------------------------------------+
| 616    | INT_NET | Net   : Data_Block_0/FIFOs_Reader_0_N_122_i                           |
|        |         | Driver: Data_Block_0/FIFOs_Reader_0/state_reg_RNID0141[1]             |
| 579    | INT_NET | Net   : Data_Block_0/FIFOs_Reader_0_Sample_RAM_W_Address[0]           |
|        |         | Driver: Data_Block_0/FIFOs_Reader_0/Sample_RAM_W_Address_Unsigned[0]  |
| 578    | INT_NET | Net   : Data_Block_0/FIFOs_Reader_0_Sample_RAM_W_Address[13]          |
|        |         | Driver: Data_Block_0/FIFOs_Reader_0/Sample_RAM_W_Address_Unsigned[13] |
| 578    | INT_NET | Net   : Data_Block_0/FIFOs_Reader_0_Sample_RAM_W_Address[12]          |
|        |         | Driver: Data_Block_0/FIFOs_Reader_0/Sample_RAM_W_Address_Unsigned[12] |
| 578    | INT_NET | Net   : Data_Block_0/FIFOs_Reader_0_Sample_RAM_W_Address[11]          |
|        |         | Driver: Data_Block_0/FIFOs_Reader_0/Sample_RAM_W_Address_Unsigned[11] |
| 578    | INT_NET | Net   : Data_Block_0/FIFOs_Reader_0_Sample_RAM_W_Address[10]          |
|        |         | Driver: Data_Block_0/FIFOs_Reader_0/Sample_RAM_W_Address_Unsigned[10] |
| 578    | INT_NET | Net   : Data_Block_0/FIFOs_Reader_0_Sample_RAM_W_Address[9]           |
|        |         | Driver: Data_Block_0/FIFOs_Reader_0/Sample_RAM_W_Address_Unsigned[9]  |
| 578    | INT_NET | Net   : Data_Block_0/FIFOs_Reader_0_Sample_RAM_W_Address[8]           |
|        |         | Driver: Data_Block_0/FIFOs_Reader_0/Sample_RAM_W_Address_Unsigned[8]  |
| 578    | INT_NET | Net   : Data_Block_0/FIFOs_Reader_0_Sample_RAM_W_Address[7]           |
|        |         | Driver: Data_Block_0/FIFOs_Reader_0/Sample_RAM_W_Address_Unsigned[7]  |
| 578    | INT_NET | Net   : Data_Block_0/FIFOs_Reader_0_Sample_RAM_W_Address[6]           |
|        |         | Driver: Data_Block_0/FIFOs_Reader_0/Sample_RAM_W_Address_Unsigned[6]  |
+--------+---------+-----------------------------------------------------------------------+

High fanout nets (through buffer trees)
+--------+---------+-----------------------------------------------------------------------+
| Fanout | Type    | Name                                                                  |
+--------+---------+-----------------------------------------------------------------------+
| 616    | INT_NET | Net   : Data_Block_0/FIFOs_Reader_0_N_122_i                           |
|        |         | Driver: Data_Block_0/FIFOs_Reader_0/state_reg_RNID0141[1]             |
| 579    | INT_NET | Net   : Data_Block_0/FIFOs_Reader_0_Sample_RAM_W_Address[0]           |
|        |         | Driver: Data_Block_0/FIFOs_Reader_0/Sample_RAM_W_Address_Unsigned[0]  |
| 578    | INT_NET | Net   : Data_Block_0/FIFOs_Reader_0_Sample_RAM_W_Address[13]          |
|        |         | Driver: Data_Block_0/FIFOs_Reader_0/Sample_RAM_W_Address_Unsigned[13] |
| 578    | INT_NET | Net   : Data_Block_0/FIFOs_Reader_0_Sample_RAM_W_Address[12]          |
|        |         | Driver: Data_Block_0/FIFOs_Reader_0/Sample_RAM_W_Address_Unsigned[12] |
| 578    | INT_NET | Net   : Data_Block_0/FIFOs_Reader_0_Sample_RAM_W_Address[11]          |
|        |         | Driver: Data_Block_0/FIFOs_Reader_0/Sample_RAM_W_Address_Unsigned[11] |
| 578    | INT_NET | Net   : Data_Block_0/FIFOs_Reader_0_Sample_RAM_W_Address[10]          |
|        |         | Driver: Data_Block_0/FIFOs_Reader_0/Sample_RAM_W_Address_Unsigned[10] |
| 578    | INT_NET | Net   : Data_Block_0/FIFOs_Reader_0_Sample_RAM_W_Address[9]           |
|        |         | Driver: Data_Block_0/FIFOs_Reader_0/Sample_RAM_W_Address_Unsigned[9]  |
| 578    | INT_NET | Net   : Data_Block_0/FIFOs_Reader_0_Sample_RAM_W_Address[8]           |
|        |         | Driver: Data_Block_0/FIFOs_Reader_0/Sample_RAM_W_Address_Unsigned[8]  |
| 578    | INT_NET | Net   : Data_Block_0/FIFOs_Reader_0_Sample_RAM_W_Address[7]           |
|        |         | Driver: Data_Block_0/FIFOs_Reader_0/Sample_RAM_W_Address_Unsigned[7]  |
| 578    | INT_NET | Net   : Data_Block_0/FIFOs_Reader_0_Sample_RAM_W_Address[6]           |
|        |         | Driver: Data_Block_0/FIFOs_Reader_0/Sample_RAM_W_Address_Unsigned[6]  |
+--------+---------+-----------------------------------------------------------------------+

