
Copyright (C) 1994-2021 Synopsys, Inc.
This Synopsys software and all associated documentation are proprietary to Synopsys, Inc.
and may only be used pursuant to the terms and conditions of a written license agreement
with Synopsys, Inc. All other use, reproduction, modification, or distribution of the
Synopsys software or the associated documentation is strictly prohibited.
Tool: Synplify Pro (R)
Build: S-2021.09M
Install: C:\Microsemi\Libero_SoC_v2022.1\SynplifyPro
OS: Windows 6.2

Hostname: DESKTOP-TDPVUTD

Implementation : synthesis
Synopsys HDL compiler and linker, Version comp202109synp1, Build 219R, Built Feb 23 2022 09:27:03, @

Modified Files: 13
FID:  path (prevtimestamp, timestamp)
186      C:\VHDL_temp\Digitizer\Digitizer_vhdl\Digitizer\component\polarfire_syn_comps.v (2024-02-16 20:19:28, 2024-02-16 22:08:02)
227      C:\VHDL_temp\Digitizer\Digitizer_vhdl\Digitizer\component\work\COREFIFO_C5\COREFIFO_C5.v (2024-02-16 14:18:24, 2024-02-16 21:58:09)
228      C:\VHDL_temp\Digitizer\Digitizer_vhdl\Digitizer\component\work\COREFIFO_C5\COREFIFO_C5_0\rtl\vlog\core\COREFIFO.v (2024-02-16 14:18:24, 2024-02-16 21:58:09)
229      C:\VHDL_temp\Digitizer\Digitizer_vhdl\Digitizer\component\work\COREFIFO_C5\COREFIFO_C5_0\rtl\vlog\core\COREFIFO_C5_COREFIFO_C5_0_LSRAM_top.v (2024-02-16 14:18:23, 2024-02-16 21:58:09)
230      C:\VHDL_temp\Digitizer\Digitizer_vhdl\Digitizer\component\work\COREFIFO_C5\COREFIFO_C5_0\rtl\vlog\core\COREFIFO_C5_COREFIFO_C5_0_ram_wrapper.v (2024-02-16 14:18:23, 2024-02-16 21:58:08)
231      C:\VHDL_temp\Digitizer\Digitizer_vhdl\Digitizer\component\work\COREFIFO_C5\COREFIFO_C5_0\rtl\vlog\core\corefifo_NstagesSync.v (2024-02-16 14:18:24, 2024-02-16 21:58:09)
232      C:\VHDL_temp\Digitizer\Digitizer_vhdl\Digitizer\component\work\COREFIFO_C5\COREFIFO_C5_0\rtl\vlog\core\corefifo_async.v (2024-02-16 14:18:24, 2024-02-16 21:58:09)
233      C:\VHDL_temp\Digitizer\Digitizer_vhdl\Digitizer\component\work\COREFIFO_C5\COREFIFO_C5_0\rtl\vlog\core\corefifo_fwft.v (2024-02-16 14:18:24, 2024-02-16 21:58:09)
234      C:\VHDL_temp\Digitizer\Digitizer_vhdl\Digitizer\component\work\COREFIFO_C5\COREFIFO_C5_0\rtl\vlog\core\corefifo_grayToBinConv.v (2024-02-16 14:18:24, 2024-02-16 21:58:09)
235      C:\VHDL_temp\Digitizer\Digitizer_vhdl\Digitizer\component\work\COREFIFO_C5\COREFIFO_C5_0\rtl\vlog\core\corefifo_sync.v (2024-02-16 14:18:24, 2024-02-16 21:58:09)
236      C:\VHDL_temp\Digitizer\Digitizer_vhdl\Digitizer\component\work\COREFIFO_C5\COREFIFO_C5_0\rtl\vlog\core\corefifo_sync_scntr.v (2024-02-16 14:18:24, 2024-02-16 21:58:09)
264      C:\VHDL_temp\Digitizer\Digitizer_vhdl\Digitizer\component\work\Trigger_Top_Part\Trigger_Top_Part.v (2024-02-16 20:18:44, 2024-02-16 22:07:17)
281      C:\VHDL_temp\Digitizer\Digitizer_vhdl\Digitizer\hdl\Trigger_Main.vhd (2024-02-16 20:18:23, 2024-02-16 21:55:07)

*******************************************************************
Modules that may have changed as a result of file changes: 84
MID:  lib.cell.view
0        work.APBM.verilog may have changed because the following files changed:
                        C:\VHDL_temp\Digitizer\Digitizer_vhdl\Digitizer\component\polarfire_syn_comps.v (2024-02-16 20:19:28, 2024-02-16 22:08:02) <-- (module definition)
1        work.APBS.verilog may have changed because the following files changed:
                        C:\VHDL_temp\Digitizer\Digitizer_vhdl\Digitizer\component\polarfire_syn_comps.v (2024-02-16 20:19:28, 2024-02-16 22:08:02) <-- (module definition)
2        work.BANKCTRLM.verilog may have changed because the following files changed:
                        C:\VHDL_temp\Digitizer\Digitizer_vhdl\Digitizer\component\polarfire_syn_comps.v (2024-02-16 20:19:28, 2024-02-16 22:08:02) <-- (module definition)
3        work.BANKCTRL_GPIO.verilog may have changed because the following files changed:
                        C:\VHDL_temp\Digitizer\Digitizer_vhdl\Digitizer\component\polarfire_syn_comps.v (2024-02-16 20:19:28, 2024-02-16 22:08:02) <-- (module definition)
4        work.BANKCTRL_HSIO.verilog may have changed because the following files changed:
                        C:\VHDL_temp\Digitizer\Digitizer_vhdl\Digitizer\component\polarfire_syn_comps.v (2024-02-16 20:19:28, 2024-02-16 22:08:02) <-- (module definition)
5        work.BANKEN.verilog may have changed because the following files changed:
                        C:\VHDL_temp\Digitizer\Digitizer_vhdl\Digitizer\component\polarfire_syn_comps.v (2024-02-16 20:19:28, 2024-02-16 22:08:02) <-- (module definition)
6        work.CLKBUF_DIFF.verilog may have changed because the following files changed:
                        C:\VHDL_temp\Digitizer\Digitizer_vhdl\Digitizer\component\polarfire_syn_comps.v (2024-02-16 20:19:28, 2024-02-16 22:08:02) <-- (module definition)
7        work.CLKBUF_DIFF_ODT.verilog may have changed because the following files changed:
                        C:\VHDL_temp\Digitizer\Digitizer_vhdl\Digitizer\component\polarfire_syn_comps.v (2024-02-16 20:19:28, 2024-02-16 22:08:02) <-- (module definition)
170      work.COREFIFO_C5.verilog may have changed because the following files changed:
                        C:\VHDL_temp\Digitizer\Digitizer_vhdl\Digitizer\component\work\COREFIFO_C5\COREFIFO_C5.v (2024-02-16 14:18:24, 2024-02-16 21:58:09) <-- (module definition)
                        C:\VHDL_temp\Digitizer\Digitizer_vhdl\Digitizer\component\work\Trigger_Top_Part\Trigger_Top_Part.v (2024-02-16 20:18:44, 2024-02-16 22:07:17) <-- (may instantiate this module)
171      work.COREFIFO_C5_COREFIFO_C5_0_COREFIFO.verilog may have changed because the following files changed:
                        C:\VHDL_temp\Digitizer\Digitizer_vhdl\Digitizer\component\work\COREFIFO_C5\COREFIFO_C5.v (2024-02-16 14:18:24, 2024-02-16 21:58:09) <-- (may instantiate this module)
                        C:\VHDL_temp\Digitizer\Digitizer_vhdl\Digitizer\component\work\COREFIFO_C5\COREFIFO_C5_0\rtl\vlog\core\COREFIFO.v (2024-02-16 14:18:24, 2024-02-16 21:58:09) <-- (module definition)
                        C:\VHDL_temp\Digitizer\Digitizer_vhdl\Digitizer\component\work\Trigger_Top_Part\Trigger_Top_Part.v (2024-02-16 20:18:44, 2024-02-16 22:07:17) <-- (may instantiate this module)
172      work.COREFIFO_C5_COREFIFO_C5_0_LSRAM_top.verilog may have changed because the following files changed:
                        C:\VHDL_temp\Digitizer\Digitizer_vhdl\Digitizer\component\work\COREFIFO_C5\COREFIFO_C5.v (2024-02-16 14:18:24, 2024-02-16 21:58:09) <-- (may instantiate this module)
                        C:\VHDL_temp\Digitizer\Digitizer_vhdl\Digitizer\component\work\COREFIFO_C5\COREFIFO_C5_0\rtl\vlog\core\COREFIFO.v (2024-02-16 14:18:24, 2024-02-16 21:58:09) <-- (may instantiate this module)
                        C:\VHDL_temp\Digitizer\Digitizer_vhdl\Digitizer\component\work\COREFIFO_C5\COREFIFO_C5_0\rtl\vlog\core\COREFIFO_C5_COREFIFO_C5_0_LSRAM_top.v (2024-02-16 14:18:23, 2024-02-16 21:58:09) <-- (module definition)
                        C:\VHDL_temp\Digitizer\Digitizer_vhdl\Digitizer\component\work\COREFIFO_C5\COREFIFO_C5_0\rtl\vlog\core\COREFIFO_C5_COREFIFO_C5_0_ram_wrapper.v (2024-02-16 14:18:23, 2024-02-16 21:58:08) <-- (may instantiate this module)
                        C:\VHDL_temp\Digitizer\Digitizer_vhdl\Digitizer\component\work\Trigger_Top_Part\Trigger_Top_Part.v (2024-02-16 20:18:44, 2024-02-16 22:07:17) <-- (may instantiate this module)
173      work.COREFIFO_C5_COREFIFO_C5_0_corefifo_NstagesSync.verilog may have changed because the following files changed:
                        C:\VHDL_temp\Digitizer\Digitizer_vhdl\Digitizer\component\work\COREFIFO_C5\COREFIFO_C5.v (2024-02-16 14:18:24, 2024-02-16 21:58:09) <-- (may instantiate this module)
                        C:\VHDL_temp\Digitizer\Digitizer_vhdl\Digitizer\component\work\COREFIFO_C5\COREFIFO_C5_0\rtl\vlog\core\COREFIFO.v (2024-02-16 14:18:24, 2024-02-16 21:58:09) <-- (may instantiate this module)
                        C:\VHDL_temp\Digitizer\Digitizer_vhdl\Digitizer\component\work\COREFIFO_C5\COREFIFO_C5_0\rtl\vlog\core\corefifo_NstagesSync.v (2024-02-16 14:18:24, 2024-02-16 21:58:09) <-- (module definition)
                        C:\VHDL_temp\Digitizer\Digitizer_vhdl\Digitizer\component\work\COREFIFO_C5\COREFIFO_C5_0\rtl\vlog\core\corefifo_async.v (2024-02-16 14:18:24, 2024-02-16 21:58:09) <-- (may instantiate this module)
                        C:\VHDL_temp\Digitizer\Digitizer_vhdl\Digitizer\component\work\Trigger_Top_Part\Trigger_Top_Part.v (2024-02-16 20:18:44, 2024-02-16 22:07:17) <-- (may instantiate this module)
174      work.COREFIFO_C5_COREFIFO_C5_0_corefifo_async.verilog may have changed because the following files changed:
                        C:\VHDL_temp\Digitizer\Digitizer_vhdl\Digitizer\component\work\COREFIFO_C5\COREFIFO_C5.v (2024-02-16 14:18:24, 2024-02-16 21:58:09) <-- (may instantiate this module)
                        C:\VHDL_temp\Digitizer\Digitizer_vhdl\Digitizer\component\work\COREFIFO_C5\COREFIFO_C5_0\rtl\vlog\core\COREFIFO.v (2024-02-16 14:18:24, 2024-02-16 21:58:09) <-- (may instantiate this module)
                        C:\VHDL_temp\Digitizer\Digitizer_vhdl\Digitizer\component\work\COREFIFO_C5\COREFIFO_C5_0\rtl\vlog\core\corefifo_async.v (2024-02-16 14:18:24, 2024-02-16 21:58:09) <-- (module definition)
                        C:\VHDL_temp\Digitizer\Digitizer_vhdl\Digitizer\component\work\Trigger_Top_Part\Trigger_Top_Part.v (2024-02-16 20:18:44, 2024-02-16 22:07:17) <-- (may instantiate this module)
175      work.COREFIFO_C5_COREFIFO_C5_0_corefifo_fwft.verilog may have changed because the following files changed:
                        C:\VHDL_temp\Digitizer\Digitizer_vhdl\Digitizer\component\work\COREFIFO_C5\COREFIFO_C5.v (2024-02-16 14:18:24, 2024-02-16 21:58:09) <-- (may instantiate this module)
                        C:\VHDL_temp\Digitizer\Digitizer_vhdl\Digitizer\component\work\COREFIFO_C5\COREFIFO_C5_0\rtl\vlog\core\COREFIFO.v (2024-02-16 14:18:24, 2024-02-16 21:58:09) <-- (may instantiate this module)
                        C:\VHDL_temp\Digitizer\Digitizer_vhdl\Digitizer\component\work\COREFIFO_C5\COREFIFO_C5_0\rtl\vlog\core\corefifo_fwft.v (2024-02-16 14:18:24, 2024-02-16 21:58:09) <-- (module definition)
                        C:\VHDL_temp\Digitizer\Digitizer_vhdl\Digitizer\component\work\Trigger_Top_Part\Trigger_Top_Part.v (2024-02-16 20:18:44, 2024-02-16 22:07:17) <-- (may instantiate this module)
176      work.COREFIFO_C5_COREFIFO_C5_0_corefifo_grayToBinConv.verilog may have changed because the following files changed:
                        C:\VHDL_temp\Digitizer\Digitizer_vhdl\Digitizer\component\work\COREFIFO_C5\COREFIFO_C5.v (2024-02-16 14:18:24, 2024-02-16 21:58:09) <-- (may instantiate this module)
                        C:\VHDL_temp\Digitizer\Digitizer_vhdl\Digitizer\component\work\COREFIFO_C5\COREFIFO_C5_0\rtl\vlog\core\COREFIFO.v (2024-02-16 14:18:24, 2024-02-16 21:58:09) <-- (may instantiate this module)
                        C:\VHDL_temp\Digitizer\Digitizer_vhdl\Digitizer\component\work\COREFIFO_C5\COREFIFO_C5_0\rtl\vlog\core\corefifo_async.v (2024-02-16 14:18:24, 2024-02-16 21:58:09) <-- (may instantiate this module)
                        C:\VHDL_temp\Digitizer\Digitizer_vhdl\Digitizer\component\work\COREFIFO_C5\COREFIFO_C5_0\rtl\vlog\core\corefifo_grayToBinConv.v (2024-02-16 14:18:24, 2024-02-16 21:58:09) <-- (module definition)
                        C:\VHDL_temp\Digitizer\Digitizer_vhdl\Digitizer\component\work\Trigger_Top_Part\Trigger_Top_Part.v (2024-02-16 20:18:44, 2024-02-16 22:07:17) <-- (may instantiate this module)
177      work.COREFIFO_C5_COREFIFO_C5_0_corefifo_sync.verilog may have changed because the following files changed:
                        C:\VHDL_temp\Digitizer\Digitizer_vhdl\Digitizer\component\work\COREFIFO_C5\COREFIFO_C5.v (2024-02-16 14:18:24, 2024-02-16 21:58:09) <-- (may instantiate this module)
                        C:\VHDL_temp\Digitizer\Digitizer_vhdl\Digitizer\component\work\COREFIFO_C5\COREFIFO_C5_0\rtl\vlog\core\COREFIFO.v (2024-02-16 14:18:24, 2024-02-16 21:58:09) <-- (may instantiate this module)
                        C:\VHDL_temp\Digitizer\Digitizer_vhdl\Digitizer\component\work\COREFIFO_C5\COREFIFO_C5_0\rtl\vlog\core\corefifo_sync.v (2024-02-16 14:18:24, 2024-02-16 21:58:09) <-- (module definition)
                        C:\VHDL_temp\Digitizer\Digitizer_vhdl\Digitizer\component\work\Trigger_Top_Part\Trigger_Top_Part.v (2024-02-16 20:18:44, 2024-02-16 22:07:17) <-- (may instantiate this module)
178      work.COREFIFO_C5_COREFIFO_C5_0_corefifo_sync_scntr.verilog may have changed because the following files changed:
                        C:\VHDL_temp\Digitizer\Digitizer_vhdl\Digitizer\component\work\COREFIFO_C5\COREFIFO_C5.v (2024-02-16 14:18:24, 2024-02-16 21:58:09) <-- (may instantiate this module)
                        C:\VHDL_temp\Digitizer\Digitizer_vhdl\Digitizer\component\work\COREFIFO_C5\COREFIFO_C5_0\rtl\vlog\core\COREFIFO.v (2024-02-16 14:18:24, 2024-02-16 21:58:09) <-- (may instantiate this module)
                        C:\VHDL_temp\Digitizer\Digitizer_vhdl\Digitizer\component\work\COREFIFO_C5\COREFIFO_C5_0\rtl\vlog\core\corefifo_sync_scntr.v (2024-02-16 14:18:24, 2024-02-16 21:58:09) <-- (module definition)
                        C:\VHDL_temp\Digitizer\Digitizer_vhdl\Digitizer\component\work\Trigger_Top_Part\Trigger_Top_Part.v (2024-02-16 20:18:44, 2024-02-16 22:07:17) <-- (may instantiate this module)
179      work.COREFIFO_C5_COREFIFO_C5_0_ram_wrapper.verilog may have changed because the following files changed:
                        C:\VHDL_temp\Digitizer\Digitizer_vhdl\Digitizer\component\work\COREFIFO_C5\COREFIFO_C5.v (2024-02-16 14:18:24, 2024-02-16 21:58:09) <-- (may instantiate this module)
                        C:\VHDL_temp\Digitizer\Digitizer_vhdl\Digitizer\component\work\COREFIFO_C5\COREFIFO_C5_0\rtl\vlog\core\COREFIFO.v (2024-02-16 14:18:24, 2024-02-16 21:58:09) <-- (may instantiate this module)
                        C:\VHDL_temp\Digitizer\Digitizer_vhdl\Digitizer\component\work\COREFIFO_C5\COREFIFO_C5_0\rtl\vlog\core\COREFIFO_C5_COREFIFO_C5_0_ram_wrapper.v (2024-02-16 14:18:23, 2024-02-16 21:58:08) <-- (module definition)
                        C:\VHDL_temp\Digitizer\Digitizer_vhdl\Digitizer\component\work\Trigger_Top_Part\Trigger_Top_Part.v (2024-02-16 20:18:44, 2024-02-16 22:07:17) <-- (may instantiate this module)
18       work.CORELNKTMR_V.verilog may have changed because the following files changed:
                        C:\VHDL_temp\Digitizer\Digitizer_vhdl\Digitizer\component\polarfire_syn_comps.v (2024-02-16 20:19:28, 2024-02-16 22:08:02) <-- (module definition)
29       work.CRN_COMMON.verilog may have changed because the following files changed:
                        C:\VHDL_temp\Digitizer\Digitizer_vhdl\Digitizer\component\polarfire_syn_comps.v (2024-02-16 20:19:28, 2024-02-16 22:08:02) <-- (module definition)
30       work.CRN_INT.verilog may have changed because the following files changed:
                        C:\VHDL_temp\Digitizer\Digitizer_vhdl\Digitizer\component\polarfire_syn_comps.v (2024-02-16 20:19:28, 2024-02-16 22:08:02) <-- (module definition)
31       work.CRYPTO.verilog may have changed because the following files changed:
                        C:\VHDL_temp\Digitizer\Digitizer_vhdl\Digitizer\component\polarfire_syn_comps.v (2024-02-16 20:19:28, 2024-02-16 22:08:02) <-- (module definition)
32       work.CRYPTO_SOC.verilog may have changed because the following files changed:
                        C:\VHDL_temp\Digitizer\Digitizer_vhdl\Digitizer\component\polarfire_syn_comps.v (2024-02-16 20:19:28, 2024-02-16 22:08:02) <-- (module definition)
34       work.DEBUG.verilog may have changed because the following files changed:
                        C:\VHDL_temp\Digitizer\Digitizer_vhdl\Digitizer\component\polarfire_syn_comps.v (2024-02-16 20:19:28, 2024-02-16 22:08:02) <-- (module definition)
35       work.DLL.verilog may have changed because the following files changed:
                        C:\VHDL_temp\Digitizer\Digitizer_vhdl\Digitizer\component\polarfire_syn_comps.v (2024-02-16 20:19:28, 2024-02-16 22:08:02) <-- (module definition)
36       work.DRI.verilog may have changed because the following files changed:
                        C:\VHDL_temp\Digitizer\Digitizer_vhdl\Digitizer\component\polarfire_syn_comps.v (2024-02-16 20:19:28, 2024-02-16 22:08:02) <-- (module definition)
37       work.ENFORCE.verilog may have changed because the following files changed:
                        C:\VHDL_temp\Digitizer\Digitizer_vhdl\Digitizer\component\polarfire_syn_comps.v (2024-02-16 20:19:28, 2024-02-16 22:08:02) <-- (module definition)
38       work.GLITCHDETECT.verilog may have changed because the following files changed:
                        C:\VHDL_temp\Digitizer\Digitizer_vhdl\Digitizer\component\polarfire_syn_comps.v (2024-02-16 20:19:28, 2024-02-16 22:08:02) <-- (module definition)
39       work.GPSS_COMMON.verilog may have changed because the following files changed:
                        C:\VHDL_temp\Digitizer\Digitizer_vhdl\Digitizer\component\polarfire_syn_comps.v (2024-02-16 20:19:28, 2024-02-16 22:08:02) <-- (module definition)
40       work.HS_IO_CLK.verilog may have changed because the following files changed:
                        C:\VHDL_temp\Digitizer\Digitizer_vhdl\Digitizer\component\polarfire_syn_comps.v (2024-02-16 20:19:28, 2024-02-16 22:08:02) <-- (module definition)
41       work.ICB_BANKCLK.verilog may have changed because the following files changed:
                        C:\VHDL_temp\Digitizer\Digitizer_vhdl\Digitizer\component\polarfire_syn_comps.v (2024-02-16 20:19:28, 2024-02-16 22:08:02) <-- (module definition)
42       work.ICB_CLKDIV.verilog may have changed because the following files changed:
                        C:\VHDL_temp\Digitizer\Digitizer_vhdl\Digitizer\component\polarfire_syn_comps.v (2024-02-16 20:19:28, 2024-02-16 22:08:02) <-- (module definition)
43       work.ICB_CLKDIVDELAY.verilog may have changed because the following files changed:
                        C:\VHDL_temp\Digitizer\Digitizer_vhdl\Digitizer\component\polarfire_syn_comps.v (2024-02-16 20:19:28, 2024-02-16 22:08:02) <-- (module definition)
44       work.ICB_CLKINT.verilog may have changed because the following files changed:
                        C:\VHDL_temp\Digitizer\Digitizer_vhdl\Digitizer\component\polarfire_syn_comps.v (2024-02-16 20:19:28, 2024-02-16 22:08:02) <-- (module definition)
45       work.ICB_CLKSTOP.verilog may have changed because the following files changed:
                        C:\VHDL_temp\Digitizer\Digitizer_vhdl\Digitizer\component\polarfire_syn_comps.v (2024-02-16 20:19:28, 2024-02-16 22:08:02) <-- (module definition)
46       work.ICB_CLKSTOP_EN.verilog may have changed because the following files changed:
                        C:\VHDL_temp\Digitizer\Digitizer_vhdl\Digitizer\component\polarfire_syn_comps.v (2024-02-16 20:19:28, 2024-02-16 22:08:02) <-- (module definition)
47       work.ICB_INT.verilog may have changed because the following files changed:
                        C:\VHDL_temp\Digitizer\Digitizer_vhdl\Digitizer\component\polarfire_syn_comps.v (2024-02-16 20:19:28, 2024-02-16 22:08:02) <-- (module definition)
48       work.ICB_MUXING.verilog may have changed because the following files changed:
                        C:\VHDL_temp\Digitizer\Digitizer_vhdl\Digitizer\component\polarfire_syn_comps.v (2024-02-16 20:19:28, 2024-02-16 22:08:02) <-- (module definition)
49       work.ICB_NGMUX.verilog may have changed because the following files changed:
                        C:\VHDL_temp\Digitizer\Digitizer_vhdl\Digitizer\component\polarfire_syn_comps.v (2024-02-16 20:19:28, 2024-02-16 22:08:02) <-- (module definition)
50       work.INIT.verilog may have changed because the following files changed:
                        C:\VHDL_temp\Digitizer\Digitizer_vhdl\Digitizer\component\polarfire_syn_comps.v (2024-02-16 20:19:28, 2024-02-16 22:08:02) <-- (module definition)
51       work.IOD.verilog may have changed because the following files changed:
                        C:\VHDL_temp\Digitizer\Digitizer_vhdl\Digitizer\component\polarfire_syn_comps.v (2024-02-16 20:19:28, 2024-02-16 22:08:02) <-- (module definition)
52       work.LANECTRL.verilog may have changed because the following files changed:
                        C:\VHDL_temp\Digitizer\Digitizer_vhdl\Digitizer\component\polarfire_syn_comps.v (2024-02-16 20:19:28, 2024-02-16 22:08:02) <-- (module definition)
53       work.LANERST.verilog may have changed because the following files changed:
                        C:\VHDL_temp\Digitizer\Digitizer_vhdl\Digitizer\component\polarfire_syn_comps.v (2024-02-16 20:19:28, 2024-02-16 22:08:02) <-- (module definition)
54       work.OSC_RC160MHZ.verilog may have changed because the following files changed:
                        C:\VHDL_temp\Digitizer\Digitizer_vhdl\Digitizer\component\polarfire_syn_comps.v (2024-02-16 20:19:28, 2024-02-16 22:08:02) <-- (module definition)
55       work.OSC_RC200MHZ.verilog may have changed because the following files changed:
                        C:\VHDL_temp\Digitizer\Digitizer_vhdl\Digitizer\component\polarfire_syn_comps.v (2024-02-16 20:19:28, 2024-02-16 22:08:02) <-- (module definition)
56       work.OSC_RC2MHZ.verilog may have changed because the following files changed:
                        C:\VHDL_temp\Digitizer\Digitizer_vhdl\Digitizer\component\polarfire_syn_comps.v (2024-02-16 20:19:28, 2024-02-16 22:08:02) <-- (module definition)
57       work.PCIE.verilog may have changed because the following files changed:
                        C:\VHDL_temp\Digitizer\Digitizer_vhdl\Digitizer\component\polarfire_syn_comps.v (2024-02-16 20:19:28, 2024-02-16 22:08:02) <-- (module definition)
58       work.PCIE_COMMON.verilog may have changed because the following files changed:
                        C:\VHDL_temp\Digitizer\Digitizer_vhdl\Digitizer\component\polarfire_syn_comps.v (2024-02-16 20:19:28, 2024-02-16 22:08:02) <-- (module definition)
59       work.PFSOC_SCSM.verilog may have changed because the following files changed:
                        C:\VHDL_temp\Digitizer\Digitizer_vhdl\Digitizer\component\polarfire_syn_comps.v (2024-02-16 20:19:28, 2024-02-16 22:08:02) <-- (module definition)
66       work.PF_SPI.verilog may have changed because the following files changed:
                        C:\VHDL_temp\Digitizer\Digitizer_vhdl\Digitizer\component\polarfire_syn_comps.v (2024-02-16 20:19:28, 2024-02-16 22:08:02) <-- (module definition)
67       work.PLL.verilog may have changed because the following files changed:
                        C:\VHDL_temp\Digitizer\Digitizer_vhdl\Digitizer\component\polarfire_syn_comps.v (2024-02-16 20:19:28, 2024-02-16 22:08:02) <-- (module definition)
68       work.QUADRST.verilog may have changed because the following files changed:
                        C:\VHDL_temp\Digitizer\Digitizer_vhdl\Digitizer\component\polarfire_syn_comps.v (2024-02-16 20:19:28, 2024-02-16 22:08:02) <-- (module definition)
69       work.QUADRST_PCIE.verilog may have changed because the following files changed:
                        C:\VHDL_temp\Digitizer\Digitizer_vhdl\Digitizer\component\polarfire_syn_comps.v (2024-02-16 20:19:28, 2024-02-16 22:08:02) <-- (module definition)
70       work.SCB.verilog may have changed because the following files changed:
                        C:\VHDL_temp\Digitizer\Digitizer_vhdl\Digitizer\component\polarfire_syn_comps.v (2024-02-16 20:19:28, 2024-02-16 22:08:02) <-- (module definition)
71       work.SYSCTRL_RESET_STATUS.verilog may have changed because the following files changed:
                        C:\VHDL_temp\Digitizer\Digitizer_vhdl\Digitizer\component\polarfire_syn_comps.v (2024-02-16 20:19:28, 2024-02-16 22:08:02) <-- (module definition)
72       work.SYSRESET.verilog may have changed because the following files changed:
                        C:\VHDL_temp\Digitizer\Digitizer_vhdl\Digitizer\component\polarfire_syn_comps.v (2024-02-16 20:19:28, 2024-02-16 22:08:02) <-- (module definition)
73       work.SYS_SERVICES.verilog may have changed because the following files changed:
                        C:\VHDL_temp\Digitizer\Digitizer_vhdl\Digitizer\component\polarfire_syn_comps.v (2024-02-16 20:19:28, 2024-02-16 22:08:02) <-- (module definition)
74       work.TAMPER.verilog may have changed because the following files changed:
                        C:\VHDL_temp\Digitizer\Digitizer_vhdl\Digitizer\component\polarfire_syn_comps.v (2024-02-16 20:19:28, 2024-02-16 22:08:02) <-- (module definition)
75       work.TVS.verilog may have changed because the following files changed:
                        C:\VHDL_temp\Digitizer\Digitizer_vhdl\Digitizer\component\polarfire_syn_comps.v (2024-02-16 20:19:28, 2024-02-16 22:08:02) <-- (module definition)
76       work.TX_PLL.verilog may have changed because the following files changed:
                        C:\VHDL_temp\Digitizer\Digitizer_vhdl\Digitizer\component\polarfire_syn_comps.v (2024-02-16 20:19:28, 2024-02-16 22:08:02) <-- (module definition)
182      work.Trigger_Top_Part.verilog may have changed because the following files changed:
                        C:\VHDL_temp\Digitizer\Digitizer_vhdl\Digitizer\component\work\Trigger_Top_Part\Trigger_Top_Part.v (2024-02-16 20:18:44, 2024-02-16 22:07:17) <-- (module definition)
78       work.UPROM.verilog may have changed because the following files changed:
                        C:\VHDL_temp\Digitizer\Digitizer_vhdl\Digitizer\component\polarfire_syn_comps.v (2024-02-16 20:19:28, 2024-02-16 22:08:02) <-- (module definition)
79       work.USPI.verilog may have changed because the following files changed:
                        C:\VHDL_temp\Digitizer\Digitizer_vhdl\Digitizer\component\polarfire_syn_comps.v (2024-02-16 20:19:28, 2024-02-16 22:08:02) <-- (module definition)
80       work.VOLTAGEDETECT.verilog may have changed because the following files changed:
                        C:\VHDL_temp\Digitizer\Digitizer_vhdl\Digitizer\component\polarfire_syn_comps.v (2024-02-16 20:19:28, 2024-02-16 22:08:02) <-- (module definition)
81       work.VREFBANKDYN.verilog may have changed because the following files changed:
                        C:\VHDL_temp\Digitizer\Digitizer_vhdl\Digitizer\component\polarfire_syn_comps.v (2024-02-16 20:19:28, 2024-02-16 22:08:02) <-- (module definition)
82       work.VREFCTRL.verilog may have changed because the following files changed:
                        C:\VHDL_temp\Digitizer\Digitizer_vhdl\Digitizer\component\polarfire_syn_comps.v (2024-02-16 20:19:28, 2024-02-16 22:08:02) <-- (module definition)
83       work.XCVR.verilog may have changed because the following files changed:
                        C:\VHDL_temp\Digitizer\Digitizer_vhdl\Digitizer\component\polarfire_syn_comps.v (2024-02-16 20:19:28, 2024-02-16 22:08:02) <-- (module definition)
84       work.XCVR_64B6XB.verilog may have changed because the following files changed:
                        C:\VHDL_temp\Digitizer\Digitizer_vhdl\Digitizer\component\polarfire_syn_comps.v (2024-02-16 20:19:28, 2024-02-16 22:08:02) <-- (module definition)
85       work.XCVR_8B10B.verilog may have changed because the following files changed:
                        C:\VHDL_temp\Digitizer\Digitizer_vhdl\Digitizer\component\polarfire_syn_comps.v (2024-02-16 20:19:28, 2024-02-16 22:08:02) <-- (module definition)
86       work.XCVR_APB_LINK.verilog may have changed because the following files changed:
                        C:\VHDL_temp\Digitizer\Digitizer_vhdl\Digitizer\component\polarfire_syn_comps.v (2024-02-16 20:19:28, 2024-02-16 22:08:02) <-- (module definition)
87       work.XCVR_APB_LINK_V.verilog may have changed because the following files changed:
                        C:\VHDL_temp\Digitizer\Digitizer_vhdl\Digitizer\component\polarfire_syn_comps.v (2024-02-16 20:19:28, 2024-02-16 22:08:02) <-- (module definition)
88       work.XCVR_APB_LINK_V2.verilog may have changed because the following files changed:
                        C:\VHDL_temp\Digitizer\Digitizer_vhdl\Digitizer\component\polarfire_syn_comps.v (2024-02-16 20:19:28, 2024-02-16 22:08:02) <-- (module definition)
89       work.XCVR_DUAL_PCS.verilog may have changed because the following files changed:
                        C:\VHDL_temp\Digitizer\Digitizer_vhdl\Digitizer\component\polarfire_syn_comps.v (2024-02-16 20:19:28, 2024-02-16 22:08:02) <-- (module definition)
90       work.XCVR_PIPE.verilog may have changed because the following files changed:
                        C:\VHDL_temp\Digitizer\Digitizer_vhdl\Digitizer\component\polarfire_syn_comps.v (2024-02-16 20:19:28, 2024-02-16 22:08:02) <-- (module definition)
91       work.XCVR_PIPE_AXI0.verilog may have changed because the following files changed:
                        C:\VHDL_temp\Digitizer\Digitizer_vhdl\Digitizer\component\polarfire_syn_comps.v (2024-02-16 20:19:28, 2024-02-16 22:08:02) <-- (module definition)
92       work.XCVR_PIPE_AXI1.verilog may have changed because the following files changed:
                        C:\VHDL_temp\Digitizer\Digitizer_vhdl\Digitizer\component\polarfire_syn_comps.v (2024-02-16 20:19:28, 2024-02-16 22:08:02) <-- (module definition)
93       work.XCVR_PMA.verilog may have changed because the following files changed:
                        C:\VHDL_temp\Digitizer\Digitizer_vhdl\Digitizer\component\polarfire_syn_comps.v (2024-02-16 20:19:28, 2024-02-16 22:08:02) <-- (module definition)
94       work.XCVR_REF_CLK.verilog may have changed because the following files changed:
                        C:\VHDL_temp\Digitizer\Digitizer_vhdl\Digitizer\component\polarfire_syn_comps.v (2024-02-16 20:19:28, 2024-02-16 22:08:02) <-- (module definition)
95       work.XCVR_REF_CLK_N.verilog may have changed because the following files changed:
                        C:\VHDL_temp\Digitizer\Digitizer_vhdl\Digitizer\component\polarfire_syn_comps.v (2024-02-16 20:19:28, 2024-02-16 22:08:02) <-- (module definition)
96       work.XCVR_REF_CLK_P.verilog may have changed because the following files changed:
                        C:\VHDL_temp\Digitizer\Digitizer_vhdl\Digitizer\component\polarfire_syn_comps.v (2024-02-16 20:19:28, 2024-02-16 22:08:02) <-- (module definition)
97       work.XCVR_TEST.verilog may have changed because the following files changed:
                        C:\VHDL_temp\Digitizer\Digitizer_vhdl\Digitizer\component\polarfire_syn_comps.v (2024-02-16 20:19:28, 2024-02-16 22:08:02) <-- (module definition)
98       work.XCVR_VV.verilog may have changed because the following files changed:
                        C:\VHDL_temp\Digitizer\Digitizer_vhdl\Digitizer\component\polarfire_syn_comps.v (2024-02-16 20:19:28, 2024-02-16 22:08:02) <-- (module definition)
185      work.trigger_control.rtl may have changed because the following files changed:
                        C:\VHDL_temp\Digitizer\Digitizer_vhdl\Digitizer\component\work\Trigger_Top_Part\Trigger_Top_Part.v (2024-02-16 20:18:44, 2024-02-16 22:07:17) <-- (may instantiate this module)
187      work.trigger_main.rtl may have changed because the following files changed:
                        C:\VHDL_temp\Digitizer\Digitizer_vhdl\Digitizer\component\work\Trigger_Top_Part\Trigger_Top_Part.v (2024-02-16 20:18:44, 2024-02-16 22:07:17) <-- (may instantiate this module)
                        C:\VHDL_temp\Digitizer\Digitizer_vhdl\Digitizer\hdl\Trigger_Main.vhd (2024-02-16 20:18:23, 2024-02-16 21:55:07) <-- (architecture and entity definition)

*******************************************************************
Unmodified files: 221
FID:  path (timestamp)
0        C:\Microsemi\Libero_SoC_v2022.1\SynplifyPro\lib\generic\acg5.v (2022-03-10 08:59:56)
1        C:\Microsemi\Libero_SoC_v2022.1\SynplifyPro\lib\vhd2008\arith.vhd (2022-03-10 08:59:58)
2        C:\Microsemi\Libero_SoC_v2022.1\SynplifyPro\lib\vhd2008\location.map (2022-03-10 08:59:58)
3        C:\Microsemi\Libero_SoC_v2022.1\SynplifyPro\lib\vhd2008\numeric.vhd (2022-03-10 08:59:58)
4        C:\Microsemi\Libero_SoC_v2022.1\SynplifyPro\lib\vhd2008\std.vhd (2022-03-10 08:59:58)
5        C:\Microsemi\Libero_SoC_v2022.1\SynplifyPro\lib\vhd2008\std1164.vhd (2022-03-10 08:59:58)
6        C:\Microsemi\Libero_SoC_v2022.1\SynplifyPro\lib\vhd2008\std_textio.vhd (2022-03-10 08:59:58)
7        C:\Microsemi\Libero_SoC_v2022.1\SynplifyPro\lib\vhd2008\unsigned.vhd (2022-03-10 08:59:58)
8        C:\Microsemi\Libero_SoC_v2022.1\SynplifyPro\lib\vhd\hyperents.vhd (2022-03-10 08:59:58)
9        C:\Microsemi\Libero_SoC_v2022.1\SynplifyPro\lib\vhd\snps_haps_pkg.vhd (2022-03-10 08:59:58)
10       C:\Microsemi\Libero_SoC_v2022.1\SynplifyPro\lib\vhd\umr_capim.vhd (2022-03-10 08:59:58)
11       C:\Microsemi\Libero_SoC_v2022.1\SynplifyPro\lib\vlog\hypermods.v (2022-03-10 08:59:58)
12       C:\Microsemi\Libero_SoC_v2022.1\SynplifyPro\lib\vlog\scemi_objects.v (2022-03-10 08:59:58)
13       C:\Microsemi\Libero_SoC_v2022.1\SynplifyPro\lib\vlog\scemi_pipes.svh (2022-03-10 08:59:58)
14       C:\Microsemi\Libero_SoC_v2022.1\SynplifyPro\lib\vlog\umr_capim.v (2022-03-10 08:59:58)
326      C:\VHDL_temp\Digitizer\Digitizer_vhdl\Digitizer\component\Actel\DirectCore\CORELANEMSTR\2.1.100\rtl\vlog\core\CORELANEMSTR.v (2023-07-24 11:40:45)
327      C:\VHDL_temp\Digitizer\Digitizer_vhdl\Digitizer\component\Actel\DirectCore\CORELANEMSTR\2.1.100\rtl\vlog\core\CORELANEMSTRmode0.v (2023-07-24 11:40:45)
328      C:\VHDL_temp\Digitizer\Digitizer_vhdl\Digitizer\component\Actel\DirectCore\CORELANEMSTR\2.1.100\rtl\vlog\core\CORELANEMSTRmode1.v (2023-07-24 11:40:45)
329      C:\VHDL_temp\Digitizer\Digitizer_vhdl\Digitizer\component\Actel\DirectCore\CORELANEMSTR\2.1.100\rtl\vlog\core\CORELANEMSTRmode2.v (2023-07-24 11:40:45)
330      C:\VHDL_temp\Digitizer\Digitizer_vhdl\Digitizer\component\Actel\DirectCore\CORELANEMSTR\2.1.100\rtl\vlog\core\request_code.v (2023-07-24 11:40:45)
331      C:\VHDL_temp\Digitizer\Digitizer_vhdl\Digitizer\component\Actel\DirectCore\CORELCKMGT\2.0.100\rtl\vlog\core\CORELCKMGT.v (2023-07-24 11:40:45)
332      C:\VHDL_temp\Digitizer\Digitizer_vhdl\Digitizer\component\Actel\DirectCore\CORERFD\2.1.100\rtl\vlog\core\CORERFD.v (2023-07-24 11:40:46)
333      C:\VHDL_temp\Digitizer\Digitizer_vhdl\Digitizer\component\Actel\DirectCore\CORERFD\2.1.100\rtl\vlog\core\CORERFDbincnt.v (2023-07-24 11:40:46)
334      C:\VHDL_temp\Digitizer\Digitizer_vhdl\Digitizer\component\Actel\DirectCore\CORERFD\2.1.100\rtl\vlog\core\CORERFDfrqerrarb.v (2023-07-24 11:40:46)
335      C:\VHDL_temp\Digitizer\Digitizer_vhdl\Digitizer\component\Actel\DirectCore\CORERFD\2.1.100\rtl\vlog\core\CORERFDgrycnt.v (2023-07-24 11:40:46)
336      C:\VHDL_temp\Digitizer\Digitizer_vhdl\Digitizer\component\Actel\DirectCore\CORERFD\2.1.100\rtl\vlog\core\CORERFDplsgen.v (2023-07-24 11:40:46)
337      C:\VHDL_temp\Digitizer\Digitizer_vhdl\Digitizer\component\Actel\DirectCore\CORERFD\2.1.100\rtl\vlog\core\CORERFDshcnt.v (2023-07-24 11:40:46)
338      C:\VHDL_temp\Digitizer\Digitizer_vhdl\Digitizer\component\Actel\DirectCore\CORERFD\2.1.100\rtl\vlog\core\CORERFDsicr.v (2023-07-24 11:40:46)
339      C:\VHDL_temp\Digitizer\Digitizer_vhdl\Digitizer\component\Actel\DirectCore\CORERFD\2.1.100\rtl\vlog\core\CORERFDsmplcnt.v (2023-07-24 11:40:46)
340      C:\VHDL_temp\Digitizer\Digitizer_vhdl\Digitizer\component\Actel\DirectCore\CORERFD\2.1.100\rtl\vlog\core\CORERFDsync.v (2023-07-24 11:40:46)
341      C:\VHDL_temp\Digitizer\Digitizer_vhdl\Digitizer\component\Actel\DirectCore\CORERFD\2.1.100\rtl\vlog\core\CORERFDsyncen.v (2023-07-24 11:40:46)
342      C:\VHDL_temp\Digitizer\Digitizer_vhdl\Digitizer\component\Actel\SgCore\PF_XCVR_APBLINK_V\1.1.104\hdl\PF_XCVR_APBLINK_V.v (2023-07-24 11:40:44)
187      C:\VHDL_temp\Digitizer\Digitizer_vhdl\Digitizer\component\work\COREFIFO_C0\COREFIFO_C0.v (2023-05-17 11:27:24)
188      C:\VHDL_temp\Digitizer\Digitizer_vhdl\Digitizer\component\work\COREFIFO_C0\COREFIFO_C0_0\rtl\vlog\core\COREFIFO.v (2023-05-17 11:27:24)
189      C:\VHDL_temp\Digitizer\Digitizer_vhdl\Digitizer\component\work\COREFIFO_C0\COREFIFO_C0_0\rtl\vlog\core\COREFIFO_C0_COREFIFO_C0_0_LSRAM_top.v (2023-05-17 11:27:24)
190      C:\VHDL_temp\Digitizer\Digitizer_vhdl\Digitizer\component\work\COREFIFO_C0\COREFIFO_C0_0\rtl\vlog\core\COREFIFO_C0_COREFIFO_C0_0_ram_wrapper.v (2023-05-17 11:27:24)
191      C:\VHDL_temp\Digitizer\Digitizer_vhdl\Digitizer\component\work\COREFIFO_C0\COREFIFO_C0_0\rtl\vlog\core\corefifo_NstagesSync.v (2023-05-17 11:27:24)
192      C:\VHDL_temp\Digitizer\Digitizer_vhdl\Digitizer\component\work\COREFIFO_C0\COREFIFO_C0_0\rtl\vlog\core\corefifo_async.v (2023-05-17 11:27:24)
193      C:\VHDL_temp\Digitizer\Digitizer_vhdl\Digitizer\component\work\COREFIFO_C0\COREFIFO_C0_0\rtl\vlog\core\corefifo_fwft.v (2023-05-17 11:27:24)
194      C:\VHDL_temp\Digitizer\Digitizer_vhdl\Digitizer\component\work\COREFIFO_C0\COREFIFO_C0_0\rtl\vlog\core\corefifo_grayToBinConv.v (2023-05-17 11:27:24)
195      C:\VHDL_temp\Digitizer\Digitizer_vhdl\Digitizer\component\work\COREFIFO_C0\COREFIFO_C0_0\rtl\vlog\core\corefifo_sync.v (2023-05-17 11:27:24)
196      C:\VHDL_temp\Digitizer\Digitizer_vhdl\Digitizer\component\work\COREFIFO_C0\COREFIFO_C0_0\rtl\vlog\core\corefifo_sync_scntr.v (2023-05-17 11:27:24)
359      C:\VHDL_temp\Digitizer\Digitizer_vhdl\Digitizer\component\work\COREFIFO_C10\COREFIFO_C10.v (2024-02-14 14:27:42)
360      C:\VHDL_temp\Digitizer\Digitizer_vhdl\Digitizer\component\work\COREFIFO_C10\COREFIFO_C10_0\rtl\vlog\core\COREFIFO.v (2024-02-14 14:27:42)
361      C:\VHDL_temp\Digitizer\Digitizer_vhdl\Digitizer\component\work\COREFIFO_C10\COREFIFO_C10_0\rtl\vlog\core\COREFIFO_C10_COREFIFO_C10_0_LSRAM_top.v (2024-02-14 14:27:42)
362      C:\VHDL_temp\Digitizer\Digitizer_vhdl\Digitizer\component\work\COREFIFO_C10\COREFIFO_C10_0\rtl\vlog\core\COREFIFO_C10_COREFIFO_C10_0_ram_wrapper.v (2024-02-14 14:27:41)
363      C:\VHDL_temp\Digitizer\Digitizer_vhdl\Digitizer\component\work\COREFIFO_C10\COREFIFO_C10_0\rtl\vlog\core\corefifo_NstagesSync.v (2024-02-14 14:27:42)
364      C:\VHDL_temp\Digitizer\Digitizer_vhdl\Digitizer\component\work\COREFIFO_C10\COREFIFO_C10_0\rtl\vlog\core\corefifo_async.v (2024-02-14 14:27:42)
365      C:\VHDL_temp\Digitizer\Digitizer_vhdl\Digitizer\component\work\COREFIFO_C10\COREFIFO_C10_0\rtl\vlog\core\corefifo_fwft.v (2024-02-14 14:27:42)
366      C:\VHDL_temp\Digitizer\Digitizer_vhdl\Digitizer\component\work\COREFIFO_C10\COREFIFO_C10_0\rtl\vlog\core\corefifo_grayToBinConv.v (2024-02-14 14:27:42)
367      C:\VHDL_temp\Digitizer\Digitizer_vhdl\Digitizer\component\work\COREFIFO_C10\COREFIFO_C10_0\rtl\vlog\core\corefifo_sync.v (2024-02-14 14:27:42)
368      C:\VHDL_temp\Digitizer\Digitizer_vhdl\Digitizer\component\work\COREFIFO_C10\COREFIFO_C10_0\rtl\vlog\core\corefifo_sync_scntr.v (2024-02-14 14:27:42)
371      C:\VHDL_temp\Digitizer\Digitizer_vhdl\Digitizer\component\work\COREFIFO_C11\COREFIFO_C11.v (2023-08-21 09:34:24)
372      C:\VHDL_temp\Digitizer\Digitizer_vhdl\Digitizer\component\work\COREFIFO_C11\COREFIFO_C11_0\rtl\vlog\core\COREFIFO.v (2023-08-21 09:34:24)
373      C:\VHDL_temp\Digitizer\Digitizer_vhdl\Digitizer\component\work\COREFIFO_C11\COREFIFO_C11_0\rtl\vlog\core\COREFIFO_C11_COREFIFO_C11_0_LSRAM_top.v (2023-08-21 09:34:24)
374      C:\VHDL_temp\Digitizer\Digitizer_vhdl\Digitizer\component\work\COREFIFO_C11\COREFIFO_C11_0\rtl\vlog\core\COREFIFO_C11_COREFIFO_C11_0_ram_wrapper.v (2023-08-21 09:34:23)
375      C:\VHDL_temp\Digitizer\Digitizer_vhdl\Digitizer\component\work\COREFIFO_C11\COREFIFO_C11_0\rtl\vlog\core\corefifo_NstagesSync.v (2023-08-21 09:34:24)
376      C:\VHDL_temp\Digitizer\Digitizer_vhdl\Digitizer\component\work\COREFIFO_C11\COREFIFO_C11_0\rtl\vlog\core\corefifo_async.v (2023-08-21 09:34:24)
377      C:\VHDL_temp\Digitizer\Digitizer_vhdl\Digitizer\component\work\COREFIFO_C11\COREFIFO_C11_0\rtl\vlog\core\corefifo_fwft.v (2023-08-21 09:34:24)
378      C:\VHDL_temp\Digitizer\Digitizer_vhdl\Digitizer\component\work\COREFIFO_C11\COREFIFO_C11_0\rtl\vlog\core\corefifo_grayToBinConv.v (2023-08-21 09:34:24)
379      C:\VHDL_temp\Digitizer\Digitizer_vhdl\Digitizer\component\work\COREFIFO_C11\COREFIFO_C11_0\rtl\vlog\core\corefifo_sync.v (2023-08-21 09:34:24)
380      C:\VHDL_temp\Digitizer\Digitizer_vhdl\Digitizer\component\work\COREFIFO_C11\COREFIFO_C11_0\rtl\vlog\core\corefifo_sync_scntr.v (2023-08-21 09:34:24)
393      C:\VHDL_temp\Digitizer\Digitizer_vhdl\Digitizer\component\work\COREFIFO_C12\COREFIFO_C12.v (2024-02-09 20:02:47)
394      C:\VHDL_temp\Digitizer\Digitizer_vhdl\Digitizer\component\work\COREFIFO_C12\COREFIFO_C12_0\rtl\vlog\core\COREFIFO.v (2024-02-09 20:02:46)
413      C:\VHDL_temp\Digitizer\Digitizer_vhdl\Digitizer\component\work\COREFIFO_C12\COREFIFO_C12_0\rtl\vlog\core\COREFIFO_C12_COREFIFO_C12_0_LSRAM_top.v (2024-02-09 20:02:46)
396      C:\VHDL_temp\Digitizer\Digitizer_vhdl\Digitizer\component\work\COREFIFO_C12\COREFIFO_C12_0\rtl\vlog\core\COREFIFO_C12_COREFIFO_C12_0_ram_wrapper.v (2024-02-09 20:02:46)
397      C:\VHDL_temp\Digitizer\Digitizer_vhdl\Digitizer\component\work\COREFIFO_C12\COREFIFO_C12_0\rtl\vlog\core\corefifo_NstagesSync.v (2024-02-09 20:02:46)
398      C:\VHDL_temp\Digitizer\Digitizer_vhdl\Digitizer\component\work\COREFIFO_C12\COREFIFO_C12_0\rtl\vlog\core\corefifo_async.v (2024-02-09 20:02:46)
399      C:\VHDL_temp\Digitizer\Digitizer_vhdl\Digitizer\component\work\COREFIFO_C12\COREFIFO_C12_0\rtl\vlog\core\corefifo_fwft.v (2024-02-09 20:02:46)
400      C:\VHDL_temp\Digitizer\Digitizer_vhdl\Digitizer\component\work\COREFIFO_C12\COREFIFO_C12_0\rtl\vlog\core\corefifo_grayToBinConv.v (2024-02-09 20:02:46)
401      C:\VHDL_temp\Digitizer\Digitizer_vhdl\Digitizer\component\work\COREFIFO_C12\COREFIFO_C12_0\rtl\vlog\core\corefifo_sync.v (2024-02-09 20:02:46)
402      C:\VHDL_temp\Digitizer\Digitizer_vhdl\Digitizer\component\work\COREFIFO_C12\COREFIFO_C12_0\rtl\vlog\core\corefifo_sync_scntr.v (2024-02-09 20:02:46)
403      C:\VHDL_temp\Digitizer\Digitizer_vhdl\Digitizer\component\work\COREFIFO_C13\COREFIFO_C13.v (2024-02-09 20:03:33)
404      C:\VHDL_temp\Digitizer\Digitizer_vhdl\Digitizer\component\work\COREFIFO_C13\COREFIFO_C13_0\rtl\vlog\core\COREFIFO.v (2024-02-09 20:03:33)
414      C:\VHDL_temp\Digitizer\Digitizer_vhdl\Digitizer\component\work\COREFIFO_C13\COREFIFO_C13_0\rtl\vlog\core\COREFIFO_C13_COREFIFO_C13_0_LSRAM_top.v (2024-02-09 20:03:33)
406      C:\VHDL_temp\Digitizer\Digitizer_vhdl\Digitizer\component\work\COREFIFO_C13\COREFIFO_C13_0\rtl\vlog\core\COREFIFO_C13_COREFIFO_C13_0_ram_wrapper.v (2024-02-09 20:03:33)
407      C:\VHDL_temp\Digitizer\Digitizer_vhdl\Digitizer\component\work\COREFIFO_C13\COREFIFO_C13_0\rtl\vlog\core\corefifo_NstagesSync.v (2024-02-09 20:03:33)
408      C:\VHDL_temp\Digitizer\Digitizer_vhdl\Digitizer\component\work\COREFIFO_C13\COREFIFO_C13_0\rtl\vlog\core\corefifo_async.v (2024-02-09 20:03:33)
409      C:\VHDL_temp\Digitizer\Digitizer_vhdl\Digitizer\component\work\COREFIFO_C13\COREFIFO_C13_0\rtl\vlog\core\corefifo_fwft.v (2024-02-09 20:03:33)
410      C:\VHDL_temp\Digitizer\Digitizer_vhdl\Digitizer\component\work\COREFIFO_C13\COREFIFO_C13_0\rtl\vlog\core\corefifo_grayToBinConv.v (2024-02-09 20:03:33)
411      C:\VHDL_temp\Digitizer\Digitizer_vhdl\Digitizer\component\work\COREFIFO_C13\COREFIFO_C13_0\rtl\vlog\core\corefifo_sync.v (2024-02-09 20:03:33)
412      C:\VHDL_temp\Digitizer\Digitizer_vhdl\Digitizer\component\work\COREFIFO_C13\COREFIFO_C13_0\rtl\vlog\core\corefifo_sync_scntr.v (2024-02-09 20:03:33)
197      C:\VHDL_temp\Digitizer\Digitizer_vhdl\Digitizer\component\work\COREFIFO_C1\COREFIFO_C1.v (2023-02-10 16:01:52)
198      C:\VHDL_temp\Digitizer\Digitizer_vhdl\Digitizer\component\work\COREFIFO_C1\COREFIFO_C1_0\rtl\vlog\core\COREFIFO.v (2023-02-10 16:01:52)
199      C:\VHDL_temp\Digitizer\Digitizer_vhdl\Digitizer\component\work\COREFIFO_C1\COREFIFO_C1_0\rtl\vlog\core\COREFIFO_C1_COREFIFO_C1_0_LSRAM_top.v (2023-02-10 16:01:52)
200      C:\VHDL_temp\Digitizer\Digitizer_vhdl\Digitizer\component\work\COREFIFO_C1\COREFIFO_C1_0\rtl\vlog\core\COREFIFO_C1_COREFIFO_C1_0_ram_wrapper.v (2023-02-10 16:01:51)
201      C:\VHDL_temp\Digitizer\Digitizer_vhdl\Digitizer\component\work\COREFIFO_C1\COREFIFO_C1_0\rtl\vlog\core\corefifo_NstagesSync.v (2023-02-10 16:01:52)
202      C:\VHDL_temp\Digitizer\Digitizer_vhdl\Digitizer\component\work\COREFIFO_C1\COREFIFO_C1_0\rtl\vlog\core\corefifo_async.v (2023-02-10 16:01:52)
203      C:\VHDL_temp\Digitizer\Digitizer_vhdl\Digitizer\component\work\COREFIFO_C1\COREFIFO_C1_0\rtl\vlog\core\corefifo_fwft.v (2023-02-10 16:01:52)
204      C:\VHDL_temp\Digitizer\Digitizer_vhdl\Digitizer\component\work\COREFIFO_C1\COREFIFO_C1_0\rtl\vlog\core\corefifo_grayToBinConv.v (2023-02-10 16:01:52)
205      C:\VHDL_temp\Digitizer\Digitizer_vhdl\Digitizer\component\work\COREFIFO_C1\COREFIFO_C1_0\rtl\vlog\core\corefifo_sync.v (2023-02-10 16:01:52)
206      C:\VHDL_temp\Digitizer\Digitizer_vhdl\Digitizer\component\work\COREFIFO_C1\COREFIFO_C1_0\rtl\vlog\core\corefifo_sync_scntr.v (2023-02-10 16:01:52)
207      C:\VHDL_temp\Digitizer\Digitizer_vhdl\Digitizer\component\work\COREFIFO_C3\COREFIFO_C3.v (2023-02-13 13:59:17)
208      C:\VHDL_temp\Digitizer\Digitizer_vhdl\Digitizer\component\work\COREFIFO_C3\COREFIFO_C3_0\rtl\vlog\core\COREFIFO.v (2023-02-13 13:59:17)
209      C:\VHDL_temp\Digitizer\Digitizer_vhdl\Digitizer\component\work\COREFIFO_C3\COREFIFO_C3_0\rtl\vlog\core\COREFIFO_C3_COREFIFO_C3_0_LSRAM_top.v (2023-02-13 13:59:17)
210      C:\VHDL_temp\Digitizer\Digitizer_vhdl\Digitizer\component\work\COREFIFO_C3\COREFIFO_C3_0\rtl\vlog\core\COREFIFO_C3_COREFIFO_C3_0_ram_wrapper.v (2023-02-13 13:59:16)
211      C:\VHDL_temp\Digitizer\Digitizer_vhdl\Digitizer\component\work\COREFIFO_C3\COREFIFO_C3_0\rtl\vlog\core\corefifo_NstagesSync.v (2023-02-13 13:59:17)
212      C:\VHDL_temp\Digitizer\Digitizer_vhdl\Digitizer\component\work\COREFIFO_C3\COREFIFO_C3_0\rtl\vlog\core\corefifo_async.v (2023-02-13 13:59:17)
213      C:\VHDL_temp\Digitizer\Digitizer_vhdl\Digitizer\component\work\COREFIFO_C3\COREFIFO_C3_0\rtl\vlog\core\corefifo_fwft.v (2023-02-13 13:59:17)
214      C:\VHDL_temp\Digitizer\Digitizer_vhdl\Digitizer\component\work\COREFIFO_C3\COREFIFO_C3_0\rtl\vlog\core\corefifo_grayToBinConv.v (2023-02-13 13:59:17)
215      C:\VHDL_temp\Digitizer\Digitizer_vhdl\Digitizer\component\work\COREFIFO_C3\COREFIFO_C3_0\rtl\vlog\core\corefifo_sync.v (2023-02-13 13:59:17)
216      C:\VHDL_temp\Digitizer\Digitizer_vhdl\Digitizer\component\work\COREFIFO_C3\COREFIFO_C3_0\rtl\vlog\core\corefifo_sync_scntr.v (2023-02-13 13:59:17)
217      C:\VHDL_temp\Digitizer\Digitizer_vhdl\Digitizer\component\work\COREFIFO_C4\COREFIFO_C4.v (2024-02-16 12:14:19)
218      C:\VHDL_temp\Digitizer\Digitizer_vhdl\Digitizer\component\work\COREFIFO_C4\COREFIFO_C4_0\rtl\vlog\core\COREFIFO.v (2024-02-16 11:57:35)
219      C:\VHDL_temp\Digitizer\Digitizer_vhdl\Digitizer\component\work\COREFIFO_C4\COREFIFO_C4_0\rtl\vlog\core\COREFIFO_C4_COREFIFO_C4_0_LSRAM_top.v (2024-02-16 12:14:19)
220      C:\VHDL_temp\Digitizer\Digitizer_vhdl\Digitizer\component\work\COREFIFO_C4\COREFIFO_C4_0\rtl\vlog\core\COREFIFO_C4_COREFIFO_C4_0_ram_wrapper.v (2024-02-16 11:57:34)
221      C:\VHDL_temp\Digitizer\Digitizer_vhdl\Digitizer\component\work\COREFIFO_C4\COREFIFO_C4_0\rtl\vlog\core\corefifo_NstagesSync.v (2024-02-16 11:57:35)
222      C:\VHDL_temp\Digitizer\Digitizer_vhdl\Digitizer\component\work\COREFIFO_C4\COREFIFO_C4_0\rtl\vlog\core\corefifo_async.v (2024-02-16 11:57:35)
223      C:\VHDL_temp\Digitizer\Digitizer_vhdl\Digitizer\component\work\COREFIFO_C4\COREFIFO_C4_0\rtl\vlog\core\corefifo_fwft.v (2024-02-16 11:57:35)
224      C:\VHDL_temp\Digitizer\Digitizer_vhdl\Digitizer\component\work\COREFIFO_C4\COREFIFO_C4_0\rtl\vlog\core\corefifo_grayToBinConv.v (2024-02-16 11:57:35)
225      C:\VHDL_temp\Digitizer\Digitizer_vhdl\Digitizer\component\work\COREFIFO_C4\COREFIFO_C4_0\rtl\vlog\core\corefifo_sync.v (2024-02-16 11:57:35)
226      C:\VHDL_temp\Digitizer\Digitizer_vhdl\Digitizer\component\work\COREFIFO_C4\COREFIFO_C4_0\rtl\vlog\core\corefifo_sync_scntr.v (2024-02-16 11:57:35)
288      C:\VHDL_temp\Digitizer\Digitizer_vhdl\Digitizer\component\work\COREFIFO_C6\COREFIFO_C6.v (2023-07-15 13:44:30)
289      C:\VHDL_temp\Digitizer\Digitizer_vhdl\Digitizer\component\work\COREFIFO_C6\COREFIFO_C6_0\rtl\vlog\core\COREFIFO.v (2023-07-15 13:44:30)
290      C:\VHDL_temp\Digitizer\Digitizer_vhdl\Digitizer\component\work\COREFIFO_C6\COREFIFO_C6_0\rtl\vlog\core\COREFIFO_C6_COREFIFO_C6_0_LSRAM_top.v (2023-07-15 13:44:30)
291      C:\VHDL_temp\Digitizer\Digitizer_vhdl\Digitizer\component\work\COREFIFO_C6\COREFIFO_C6_0\rtl\vlog\core\COREFIFO_C6_COREFIFO_C6_0_ram_wrapper.v (2023-07-15 13:44:30)
292      C:\VHDL_temp\Digitizer\Digitizer_vhdl\Digitizer\component\work\COREFIFO_C6\COREFIFO_C6_0\rtl\vlog\core\corefifo_NstagesSync.v (2023-07-15 13:44:30)
293      C:\VHDL_temp\Digitizer\Digitizer_vhdl\Digitizer\component\work\COREFIFO_C6\COREFIFO_C6_0\rtl\vlog\core\corefifo_async.v (2023-07-15 13:44:30)
294      C:\VHDL_temp\Digitizer\Digitizer_vhdl\Digitizer\component\work\COREFIFO_C6\COREFIFO_C6_0\rtl\vlog\core\corefifo_fwft.v (2023-07-15 13:44:30)
295      C:\VHDL_temp\Digitizer\Digitizer_vhdl\Digitizer\component\work\COREFIFO_C6\COREFIFO_C6_0\rtl\vlog\core\corefifo_grayToBinConv.v (2023-07-15 13:44:30)
296      C:\VHDL_temp\Digitizer\Digitizer_vhdl\Digitizer\component\work\COREFIFO_C6\COREFIFO_C6_0\rtl\vlog\core\corefifo_sync.v (2023-07-15 13:44:30)
297      C:\VHDL_temp\Digitizer\Digitizer_vhdl\Digitizer\component\work\COREFIFO_C6\COREFIFO_C6_0\rtl\vlog\core\corefifo_sync_scntr.v (2023-07-15 13:44:30)
301      C:\VHDL_temp\Digitizer\Digitizer_vhdl\Digitizer\component\work\COREFIFO_C7\COREFIFO_C7.v (2023-08-16 12:08:14)
302      C:\VHDL_temp\Digitizer\Digitizer_vhdl\Digitizer\component\work\COREFIFO_C7\COREFIFO_C7_0\rtl\vlog\core\COREFIFO.v (2023-08-16 12:08:14)
303      C:\VHDL_temp\Digitizer\Digitizer_vhdl\Digitizer\component\work\COREFIFO_C7\COREFIFO_C7_0\rtl\vlog\core\COREFIFO_C7_COREFIFO_C7_0_LSRAM_top.v (2023-08-16 12:08:14)
304      C:\VHDL_temp\Digitizer\Digitizer_vhdl\Digitizer\component\work\COREFIFO_C7\COREFIFO_C7_0\rtl\vlog\core\COREFIFO_C7_COREFIFO_C7_0_ram_wrapper.v (2023-08-16 12:08:13)
305      C:\VHDL_temp\Digitizer\Digitizer_vhdl\Digitizer\component\work\COREFIFO_C7\COREFIFO_C7_0\rtl\vlog\core\corefifo_NstagesSync.v (2023-08-16 12:08:14)
306      C:\VHDL_temp\Digitizer\Digitizer_vhdl\Digitizer\component\work\COREFIFO_C7\COREFIFO_C7_0\rtl\vlog\core\corefifo_async.v (2023-08-16 12:08:14)
307      C:\VHDL_temp\Digitizer\Digitizer_vhdl\Digitizer\component\work\COREFIFO_C7\COREFIFO_C7_0\rtl\vlog\core\corefifo_fwft.v (2023-08-16 12:08:14)
308      C:\VHDL_temp\Digitizer\Digitizer_vhdl\Digitizer\component\work\COREFIFO_C7\COREFIFO_C7_0\rtl\vlog\core\corefifo_grayToBinConv.v (2023-08-16 12:08:14)
309      C:\VHDL_temp\Digitizer\Digitizer_vhdl\Digitizer\component\work\COREFIFO_C7\COREFIFO_C7_0\rtl\vlog\core\corefifo_sync.v (2023-08-16 12:08:14)
310      C:\VHDL_temp\Digitizer\Digitizer_vhdl\Digitizer\component\work\COREFIFO_C7\COREFIFO_C7_0\rtl\vlog\core\corefifo_sync_scntr.v (2023-08-16 12:08:14)
311      C:\VHDL_temp\Digitizer\Digitizer_vhdl\Digitizer\component\work\COREFIFO_C8\COREFIFO_C8.v (2023-09-19 21:55:17)
312      C:\VHDL_temp\Digitizer\Digitizer_vhdl\Digitizer\component\work\COREFIFO_C8\COREFIFO_C8_0\rtl\vlog\core\COREFIFO.v (2023-09-19 21:55:17)
313      C:\VHDL_temp\Digitizer\Digitizer_vhdl\Digitizer\component\work\COREFIFO_C8\COREFIFO_C8_0\rtl\vlog\core\COREFIFO_C8_COREFIFO_C8_0_LSRAM_top.v (2023-09-19 21:55:17)
314      C:\VHDL_temp\Digitizer\Digitizer_vhdl\Digitizer\component\work\COREFIFO_C8\COREFIFO_C8_0\rtl\vlog\core\COREFIFO_C8_COREFIFO_C8_0_ram_wrapper.v (2023-09-19 21:55:16)
315      C:\VHDL_temp\Digitizer\Digitizer_vhdl\Digitizer\component\work\COREFIFO_C8\COREFIFO_C8_0\rtl\vlog\core\corefifo_NstagesSync.v (2023-09-19 21:55:17)
316      C:\VHDL_temp\Digitizer\Digitizer_vhdl\Digitizer\component\work\COREFIFO_C8\COREFIFO_C8_0\rtl\vlog\core\corefifo_async.v (2023-09-19 21:55:17)
317      C:\VHDL_temp\Digitizer\Digitizer_vhdl\Digitizer\component\work\COREFIFO_C8\COREFIFO_C8_0\rtl\vlog\core\corefifo_fwft.v (2023-09-19 21:55:17)
318      C:\VHDL_temp\Digitizer\Digitizer_vhdl\Digitizer\component\work\COREFIFO_C8\COREFIFO_C8_0\rtl\vlog\core\corefifo_grayToBinConv.v (2023-09-19 21:55:17)
319      C:\VHDL_temp\Digitizer\Digitizer_vhdl\Digitizer\component\work\COREFIFO_C8\COREFIFO_C8_0\rtl\vlog\core\corefifo_sync.v (2023-09-19 21:55:17)
320      C:\VHDL_temp\Digitizer\Digitizer_vhdl\Digitizer\component\work\COREFIFO_C8\COREFIFO_C8_0\rtl\vlog\core\corefifo_sync_scntr.v (2023-09-19 21:55:17)
237      C:\VHDL_temp\Digitizer\Digitizer_vhdl\Digitizer\component\work\CORERESET_PF_C0\CORERESET_PF_C0.v (2023-02-08 09:56:01)
238      C:\VHDL_temp\Digitizer\Digitizer_vhdl\Digitizer\component\work\CORERESET_PF_C0\CORERESET_PF_C0_0\core\corereset_pf.v (2023-02-08 09:56:01)
239      C:\VHDL_temp\Digitizer\Digitizer_vhdl\Digitizer\component\work\COREUART_C0\COREUART_C0.v (2023-02-08 10:06:39)
240      C:\VHDL_temp\Digitizer\Digitizer_vhdl\Digitizer\component\work\COREUART_C0\COREUART_C0_0\rtl\vlog\core\Clock_gen.v (2023-02-08 10:06:39)
241      C:\VHDL_temp\Digitizer\Digitizer_vhdl\Digitizer\component\work\COREUART_C0\COREUART_C0_0\rtl\vlog\core\CoreUART.v (2023-02-08 10:06:39)
242      C:\VHDL_temp\Digitizer\Digitizer_vhdl\Digitizer\component\work\COREUART_C0\COREUART_C0_0\rtl\vlog\core\Rx_async.v (2023-02-08 10:06:39)
243      C:\VHDL_temp\Digitizer\Digitizer_vhdl\Digitizer\component\work\COREUART_C0\COREUART_C0_0\rtl\vlog\core\Tx_async.v (2023-02-08 10:06:39)
244      C:\VHDL_temp\Digitizer\Digitizer_vhdl\Digitizer\component\work\COREUART_C0\COREUART_C0_0\rtl\vlog\core\fifo_256x8_54sxa.v (2023-02-08 10:06:39)
245      C:\VHDL_temp\Digitizer\Digitizer_vhdl\Digitizer\component\work\Clock_Reset\Clock_Reset.v (2024-01-02 17:44:10)
383      C:\VHDL_temp\Digitizer\Digitizer_vhdl\Digitizer\component\work\Communication\Communication.v (2023-11-14 16:46:03)
246      C:\VHDL_temp\Digitizer\Digitizer_vhdl\Digitizer\component\work\Controler\Controler.v (2023-11-14 16:48:11)
247      C:\VHDL_temp\Digitizer\Digitizer_vhdl\Digitizer\component\work\Data_Block\Data_Block.v (2024-02-12 20:39:47)
248      C:\VHDL_temp\Digitizer\Digitizer_vhdl\Digitizer\component\work\Event_Info_RAM_Block\Event_Info_RAM_Block.v (2023-05-09 12:31:52)
249      C:\VHDL_temp\Digitizer\Digitizer_vhdl\Digitizer\component\work\Input_Data_Part\Input_Data_Part.v (2024-02-12 20:34:27)
250      C:\VHDL_temp\Digitizer\Digitizer_vhdl\Digitizer\component\work\PF_CCC_C0\PF_CCC_C0.v (2024-02-11 20:25:21)
251      C:\VHDL_temp\Digitizer\Digitizer_vhdl\Digitizer\component\work\PF_CCC_C0\PF_CCC_C0_0\PF_CCC_C0_PF_CCC_C0_0_PF_CCC.v (2024-02-11 20:25:21)
381      C:\VHDL_temp\Digitizer\Digitizer_vhdl\Digitizer\component\work\PF_CCC_C3\PF_CCC_C3.v (2023-10-09 10:21:04)
382      C:\VHDL_temp\Digitizer\Digitizer_vhdl\Digitizer\component\work\PF_CCC_C3\PF_CCC_C3_0\PF_CCC_C3_PF_CCC_C3_0_PF_CCC.v (2023-10-09 10:21:04)
416      C:\VHDL_temp\Digitizer\Digitizer_vhdl\Digitizer\component\work\PF_CCC_C5\PF_CCC_C5.v (2024-02-11 13:37:21)
417      C:\VHDL_temp\Digitizer\Digitizer_vhdl\Digitizer\component\work\PF_CCC_C5\PF_CCC_C5_0\PF_CCC_C5_PF_CCC_C5_0_PF_CCC.v (2024-02-11 13:37:21)
418      C:\VHDL_temp\Digitizer\Digitizer_vhdl\Digitizer\component\work\PF_CLK_DIV_C2\PF_CLK_DIV_C2.v (2024-01-02 17:43:52)
419      C:\VHDL_temp\Digitizer\Digitizer_vhdl\Digitizer\component\work\PF_CLK_DIV_C2\PF_CLK_DIV_C2_0\PF_CLK_DIV_C2_PF_CLK_DIV_C2_0_PF_CLK_DIV.v (2024-01-02 17:43:52)
252      C:\VHDL_temp\Digitizer\Digitizer_vhdl\Digitizer\component\work\PF_DPSRAM_C5\PF_DPSRAM_C5.v (2023-05-09 13:35:52)
253      C:\VHDL_temp\Digitizer\Digitizer_vhdl\Digitizer\component\work\PF_DPSRAM_C5\PF_DPSRAM_C5_0\PF_DPSRAM_C5_PF_DPSRAM_C5_0_PF_DPSRAM.v (2023-05-09 13:35:52)
254      C:\VHDL_temp\Digitizer\Digitizer_vhdl\Digitizer\component\work\PF_DPSRAM_C7\PF_DPSRAM_C7.v (2023-05-09 12:31:38)
255      C:\VHDL_temp\Digitizer\Digitizer_vhdl\Digitizer\component\work\PF_DPSRAM_C7\PF_DPSRAM_C7_0\PF_DPSRAM_C7_PF_DPSRAM_C7_0_PF_DPSRAM.v (2023-05-09 12:31:38)
256      C:\VHDL_temp\Digitizer\Digitizer_vhdl\Digitizer\component\work\PF_DPSRAM_C8_Event_Status\PF_DPSRAM_C8_Event_Status.v (2023-05-09 12:28:17)
257      C:\VHDL_temp\Digitizer\Digitizer_vhdl\Digitizer\component\work\PF_DPSRAM_C8_Event_Status\PF_DPSRAM_C8_Event_Status_0\PF_DPSRAM_C8_Event_Status_PF_DPSRAM_C8_Event_Status_0_PF_DPSRAM.v (2023-05-09 12:28:17)
258      C:\VHDL_temp\Digitizer\Digitizer_vhdl\Digitizer\component\work\PF_INIT_MONITOR_C0\PF_INIT_MONITOR_C0.v (2023-02-08 09:55:38)
259      C:\VHDL_temp\Digitizer\Digitizer_vhdl\Digitizer\component\work\PF_INIT_MONITOR_C0\PF_INIT_MONITOR_C0_0\PF_INIT_MONITOR_C0_PF_INIT_MONITOR_C0_0_PF_INIT_MONITOR.v (2023-02-08 09:55:38)
260      C:\VHDL_temp\Digitizer\Digitizer_vhdl\Digitizer\component\work\PF_OSC_C0\PF_OSC_C0.v (2023-02-08 09:57:17)
261      C:\VHDL_temp\Digitizer\Digitizer_vhdl\Digitizer\component\work\PF_OSC_C0\PF_OSC_C0_0\PF_OSC_C0_PF_OSC_C0_0_PF_OSC.v (2023-02-08 09:57:17)
420      C:\VHDL_temp\Digitizer\Digitizer_vhdl\Digitizer\component\work\PF_TX_PLL_C1\PF_TX_PLL_C1.v (2024-02-11 13:35:34)
421      C:\VHDL_temp\Digitizer\Digitizer_vhdl\Digitizer\component\work\PF_TX_PLL_C1\PF_TX_PLL_C1_0\PF_TX_PLL_C1_PF_TX_PLL_C1_0_PF_TX_PLL.v (2024-02-11 13:35:34)
422      C:\VHDL_temp\Digitizer\Digitizer_vhdl\Digitizer\component\work\PF_XCVR_ERM_C8\I_XCVR\PF_XCVR_ERM_C8_I_XCVR_PF_XCVR.v (2024-02-11 13:35:13)
423      C:\VHDL_temp\Digitizer\Digitizer_vhdl\Digitizer\component\work\PF_XCVR_ERM_C8\PF_XCVR_ERM_C8.v (2024-02-11 13:35:13)
298      C:\VHDL_temp\Digitizer\Digitizer_vhdl\Digitizer\component\work\SPI_LMX\SPI_LMX.v (2023-07-26 09:17:17)
262      C:\VHDL_temp\Digitizer\Digitizer_vhdl\Digitizer\component\work\Sample_RAM_Block\Sample_RAM_Block.v (2023-05-18 09:40:00)
263      C:\VHDL_temp\Digitizer\Digitizer_vhdl\Digitizer\component\work\Top\Top.v (2024-02-13 22:07:36)
427      C:\VHDL_temp\Digitizer\Digitizer_vhdl\Digitizer\component\work\Transceiver_Main\Transceiver_Main.v (2024-02-11 13:37:27)
428      C:\VHDL_temp\Digitizer\Digitizer_vhdl\Digitizer\component\work\Transciever_OneLane\Transciever_OneLane.v (2024-02-11 19:57:22)
265      C:\VHDL_temp\Digitizer\Digitizer_vhdl\Digitizer\component\work\UART_Protocol\UART_Protocol.v (2023-08-21 08:17:49)
321      C:\VHDL_temp\Digitizer\Digitizer_vhdl\Digitizer\component\work\USB_3_Protocol\USB_3_Protocol.v (2023-09-27 14:19:40)
266      C:\VHDL_temp\Digitizer\Digitizer_vhdl\Digitizer\hdl\ADI_SPI.vhd (2023-10-11 10:09:51)
429      C:\VHDL_temp\Digitizer\Digitizer_vhdl\Digitizer\hdl\AlignmentLane_Fifo.vhd (2024-02-10 13:23:31)
267      C:\VHDL_temp\Digitizer\Digitizer_vhdl\Digitizer\hdl\Answer_Encoder.vhd (2023-11-06 21:41:23)
268      C:\VHDL_temp\Digitizer\Digitizer_vhdl\Digitizer\hdl\Command_Decoder.vhd (2023-11-06 21:41:23)
269      C:\VHDL_temp\Digitizer\Digitizer_vhdl\Digitizer\hdl\Communication_ANW_MUX.vhd (2023-03-02 22:22:42)
270      C:\VHDL_temp\Digitizer\Digitizer_vhdl\Digitizer\hdl\Communication_Builder.vhd (2024-02-16 09:38:07)
271      C:\VHDL_temp\Digitizer\Digitizer_vhdl\Digitizer\hdl\Communication_CMD_MUX.vhd (2023-03-03 22:48:50)
384      C:\VHDL_temp\Digitizer\Digitizer_vhdl\Digitizer\hdl\Communication_Controler.vhd (2024-01-26 09:44:04)
369      C:\VHDL_temp\Digitizer\Digitizer_vhdl\Digitizer\hdl\Communication_Switch.vhd (2023-11-14 16:49:39)
370      C:\VHDL_temp\Digitizer\Digitizer_vhdl\Digitizer\hdl\Communication_TX_Arbiter2.vhd (2023-09-20 07:53:26)
273      C:\VHDL_temp\Digitizer\Digitizer_vhdl\Digitizer\hdl\FIFOs_Reader.vhd (2023-05-18 10:07:17)
274      C:\VHDL_temp\Digitizer\Digitizer_vhdl\Digitizer\hdl\REGISTERS.vhd (2023-03-03 22:47:28)
325      C:\VHDL_temp\Digitizer\Digitizer_vhdl\Digitizer\hdl\Reset_Controler.vhd (2023-10-06 10:55:05)
388      C:\VHDL_temp\Digitizer\Digitizer_vhdl\Digitizer\hdl\RxLaneControl.vhd (2024-02-11 19:56:04)
389      C:\VHDL_temp\Digitizer\Digitizer_vhdl\Digitizer\hdl\RxMainLinkController.vhd (2024-01-04 20:08:33)
299      C:\VHDL_temp\Digitizer\Digitizer_vhdl\Digitizer\hdl\SPI_interface.vhd (2023-07-25 16:50:30)
424      C:\VHDL_temp\Digitizer\Digitizer_vhdl\Digitizer\hdl\SampleCompose.vhd (2024-02-11 13:18:49)
425      C:\VHDL_temp\Digitizer\Digitizer_vhdl\Digitizer\hdl\SampleTxDeCompose.vhd (2024-02-11 13:19:20)
275      C:\VHDL_temp\Digitizer\Digitizer_vhdl\Digitizer\hdl\Sample_RAM_Block_Decoder.vhd (2023-05-09 13:57:09)
276      C:\VHDL_temp\Digitizer\Digitizer_vhdl\Digitizer\hdl\Sample_RAM_Block_MUX.vhd (2023-05-09 14:31:32)
277      C:\VHDL_temp\Digitizer\Digitizer_vhdl\Digitizer\hdl\Synchronizer.vhd (2023-02-08 10:04:48)
390      C:\VHDL_temp\Digitizer\Digitizer_vhdl\Digitizer\hdl\Test_Generator_for_Lanes.vhd (2024-01-03 22:21:29)
430      C:\VHDL_temp\Digitizer\Digitizer_vhdl\Digitizer\hdl\Transceiver_LanesConnection.vhd (2024-02-11 13:28:35)
280      C:\VHDL_temp\Digitizer\Digitizer_vhdl\Digitizer\hdl\Trigger_Control.vhd (2024-02-16 20:17:02)
282      C:\VHDL_temp\Digitizer\Digitizer_vhdl\Digitizer\hdl\Trigger_Unit.vhd (2024-02-12 20:30:56)
391      C:\VHDL_temp\Digitizer\Digitizer_vhdl\Digitizer\hdl\TxLaneControl.vhd (2024-02-11 18:26:01)
392      C:\VHDL_temp\Digitizer\Digitizer_vhdl\Digitizer\hdl\TxMainLinkController.vhd (2024-01-04 20:06:52)
283      C:\VHDL_temp\Digitizer\Digitizer_vhdl\Digitizer\hdl\UART_RX_Protocol.vhd (2023-04-17 09:37:55)
284      C:\VHDL_temp\Digitizer\Digitizer_vhdl\Digitizer\hdl\UART_TX_Protocol.vhd (2023-03-03 22:44:54)
285      C:\VHDL_temp\Digitizer\Digitizer_vhdl\Digitizer\hdl\cmd_table.vhd (2023-08-18 10:27:35)
286      C:\VHDL_temp\Digitizer\Digitizer_vhdl\Digitizer\hdl\cmd_table_trigger.vhd (2023-07-27 21:08:34)
322      C:\VHDL_temp\Digitizer\Digitizer_vhdl\Digitizer\hdl\ft601_fifo_interface.vhd (2024-02-14 14:26:53)
323      C:\VHDL_temp\Digitizer\Digitizer_vhdl\Digitizer\hdl\ftdi_to_fifo_interface.vhd (2023-08-01 20:28:24)
324      C:\VHDL_temp\Digitizer\Digitizer_vhdl\Digitizer\hdl\gpio_controler.vhd (2023-10-20 21:05:50)
287      C:\VHDL_temp\Digitizer\Digitizer_vhdl\Digitizer\hdl\mko.vhd (2023-03-02 15:16:32)
300      C:\VHDL_temp\Digitizer\Digitizer_vhdl\Digitizer\hdl\spi_master.vhd (2023-07-25 16:50:30)

*******************************************************************
Unchanged modules: 237
MID:  lib.cell.view
8        work.COREFIFO_C0.verilog
9        work.COREFIFO_C0_COREFIFO_C0_0_COREFIFO.verilog
10       work.COREFIFO_C0_COREFIFO_C0_0_LSRAM_top.verilog
11       work.COREFIFO_C0_COREFIFO_C0_0_corefifo_NstagesSync.verilog
12       work.COREFIFO_C0_COREFIFO_C0_0_corefifo_async.verilog
13       work.COREFIFO_C0_COREFIFO_C0_0_corefifo_fwft.verilog
14       work.COREFIFO_C0_COREFIFO_C0_0_corefifo_grayToBinConv.verilog
15       work.COREFIFO_C0_COREFIFO_C0_0_corefifo_sync.verilog
16       work.COREFIFO_C0_COREFIFO_C0_0_corefifo_sync_scntr.verilog
17       work.COREFIFO_C0_COREFIFO_C0_0_ram_wrapper.verilog
108      work.COREFIFO_C1.verilog
287      work.COREFIFO_C10.verilog
288      work.COREFIFO_C10_COREFIFO_C10_0_COREFIFO.verilog
289      work.COREFIFO_C10_COREFIFO_C10_0_LSRAM_top.verilog
290      work.COREFIFO_C10_COREFIFO_C10_0_corefifo_NstagesSync.verilog
291      work.COREFIFO_C10_COREFIFO_C10_0_corefifo_async.verilog
292      work.COREFIFO_C10_COREFIFO_C10_0_corefifo_fwft.verilog
293      work.COREFIFO_C10_COREFIFO_C10_0_corefifo_grayToBinConv.verilog
294      work.COREFIFO_C10_COREFIFO_C10_0_corefifo_sync.verilog
295      work.COREFIFO_C10_COREFIFO_C10_0_corefifo_sync_scntr.verilog
296      work.COREFIFO_C10_COREFIFO_C10_0_ram_wrapper.verilog
301      work.COREFIFO_C11.verilog
302      work.COREFIFO_C11_COREFIFO_C11_0_COREFIFO.verilog
303      work.COREFIFO_C11_COREFIFO_C11_0_LSRAM_top.verilog
304      work.COREFIFO_C11_COREFIFO_C11_0_corefifo_NstagesSync.verilog
305      work.COREFIFO_C11_COREFIFO_C11_0_corefifo_async.verilog
306      work.COREFIFO_C11_COREFIFO_C11_0_corefifo_fwft.verilog
307      work.COREFIFO_C11_COREFIFO_C11_0_corefifo_grayToBinConv.verilog
308      work.COREFIFO_C11_COREFIFO_C11_0_corefifo_sync.verilog
309      work.COREFIFO_C11_COREFIFO_C11_0_corefifo_sync_scntr.verilog
310      work.COREFIFO_C11_COREFIFO_C11_0_ram_wrapper.verilog
331      work.COREFIFO_C12.verilog
332      work.COREFIFO_C12_COREFIFO_C12_0_COREFIFO.verilog
351      work.COREFIFO_C12_COREFIFO_C12_0_LSRAM_top.verilog
334      work.COREFIFO_C12_COREFIFO_C12_0_corefifo_NstagesSync.verilog
335      work.COREFIFO_C12_COREFIFO_C12_0_corefifo_async.verilog
336      work.COREFIFO_C12_COREFIFO_C12_0_corefifo_fwft.verilog
337      work.COREFIFO_C12_COREFIFO_C12_0_corefifo_grayToBinConv.verilog
338      work.COREFIFO_C12_COREFIFO_C12_0_corefifo_sync.verilog
339      work.COREFIFO_C12_COREFIFO_C12_0_corefifo_sync_scntr.verilog
340      work.COREFIFO_C12_COREFIFO_C12_0_ram_wrapper.verilog
341      work.COREFIFO_C13.verilog
342      work.COREFIFO_C13_COREFIFO_C13_0_COREFIFO.verilog
352      work.COREFIFO_C13_COREFIFO_C13_0_LSRAM_top.verilog
344      work.COREFIFO_C13_COREFIFO_C13_0_corefifo_NstagesSync.verilog
345      work.COREFIFO_C13_COREFIFO_C13_0_corefifo_async.verilog
346      work.COREFIFO_C13_COREFIFO_C13_0_corefifo_fwft.verilog
347      work.COREFIFO_C13_COREFIFO_C13_0_corefifo_grayToBinConv.verilog
348      work.COREFIFO_C13_COREFIFO_C13_0_corefifo_sync.verilog
349      work.COREFIFO_C13_COREFIFO_C13_0_corefifo_sync_scntr.verilog
350      work.COREFIFO_C13_COREFIFO_C13_0_ram_wrapper.verilog
109      work.COREFIFO_C1_COREFIFO_C1_0_COREFIFO.verilog
110      work.COREFIFO_C1_COREFIFO_C1_0_LSRAM_top.verilog
111      work.COREFIFO_C1_COREFIFO_C1_0_corefifo_NstagesSync.verilog
112      work.COREFIFO_C1_COREFIFO_C1_0_corefifo_async.verilog
113      work.COREFIFO_C1_COREFIFO_C1_0_corefifo_fwft.verilog
114      work.COREFIFO_C1_COREFIFO_C1_0_corefifo_grayToBinConv.verilog
115      work.COREFIFO_C1_COREFIFO_C1_0_corefifo_sync.verilog
116      work.COREFIFO_C1_COREFIFO_C1_0_corefifo_sync_scntr.verilog
117      work.COREFIFO_C1_COREFIFO_C1_0_ram_wrapper.verilog
124      work.COREFIFO_C3.verilog
125      work.COREFIFO_C3_COREFIFO_C3_0_COREFIFO.verilog
126      work.COREFIFO_C3_COREFIFO_C3_0_LSRAM_top.verilog
127      work.COREFIFO_C3_COREFIFO_C3_0_corefifo_NstagesSync.verilog
128      work.COREFIFO_C3_COREFIFO_C3_0_corefifo_async.verilog
129      work.COREFIFO_C3_COREFIFO_C3_0_corefifo_fwft.verilog
130      work.COREFIFO_C3_COREFIFO_C3_0_corefifo_grayToBinConv.verilog
131      work.COREFIFO_C3_COREFIFO_C3_0_corefifo_sync.verilog
132      work.COREFIFO_C3_COREFIFO_C3_0_corefifo_sync_scntr.verilog
133      work.COREFIFO_C3_COREFIFO_C3_0_ram_wrapper.verilog
160      work.COREFIFO_C4.verilog
161      work.COREFIFO_C4_COREFIFO_C4_0_COREFIFO.verilog
162      work.COREFIFO_C4_COREFIFO_C4_0_LSRAM_top.verilog
163      work.COREFIFO_C4_COREFIFO_C4_0_corefifo_NstagesSync.verilog
164      work.COREFIFO_C4_COREFIFO_C4_0_corefifo_async.verilog
165      work.COREFIFO_C4_COREFIFO_C4_0_corefifo_fwft.verilog
166      work.COREFIFO_C4_COREFIFO_C4_0_corefifo_grayToBinConv.verilog
167      work.COREFIFO_C4_COREFIFO_C4_0_corefifo_sync.verilog
168      work.COREFIFO_C4_COREFIFO_C4_0_corefifo_sync_scntr.verilog
169      work.COREFIFO_C4_COREFIFO_C4_0_ram_wrapper.verilog
211      work.COREFIFO_C6.verilog
212      work.COREFIFO_C6_COREFIFO_C6_0_COREFIFO.verilog
213      work.COREFIFO_C6_COREFIFO_C6_0_LSRAM_top.verilog
214      work.COREFIFO_C6_COREFIFO_C6_0_corefifo_NstagesSync.verilog
215      work.COREFIFO_C6_COREFIFO_C6_0_corefifo_async.verilog
216      work.COREFIFO_C6_COREFIFO_C6_0_corefifo_fwft.verilog
217      work.COREFIFO_C6_COREFIFO_C6_0_corefifo_grayToBinConv.verilog
218      work.COREFIFO_C6_COREFIFO_C6_0_corefifo_sync.verilog
219      work.COREFIFO_C6_COREFIFO_C6_0_corefifo_sync_scntr.verilog
220      work.COREFIFO_C6_COREFIFO_C6_0_ram_wrapper.verilog
226      work.COREFIFO_C7.verilog
227      work.COREFIFO_C7_COREFIFO_C7_0_COREFIFO.verilog
228      work.COREFIFO_C7_COREFIFO_C7_0_LSRAM_top.verilog
229      work.COREFIFO_C7_COREFIFO_C7_0_corefifo_NstagesSync.verilog
230      work.COREFIFO_C7_COREFIFO_C7_0_corefifo_async.verilog
231      work.COREFIFO_C7_COREFIFO_C7_0_corefifo_fwft.verilog
232      work.COREFIFO_C7_COREFIFO_C7_0_corefifo_grayToBinConv.verilog
233      work.COREFIFO_C7_COREFIFO_C7_0_corefifo_sync.verilog
234      work.COREFIFO_C7_COREFIFO_C7_0_corefifo_sync_scntr.verilog
235      work.COREFIFO_C7_COREFIFO_C7_0_ram_wrapper.verilog
236      work.COREFIFO_C8.verilog
237      work.COREFIFO_C8_COREFIFO_C8_0_COREFIFO.verilog
238      work.COREFIFO_C8_COREFIFO_C8_0_LSRAM_top.verilog
239      work.COREFIFO_C8_COREFIFO_C8_0_corefifo_NstagesSync.verilog
240      work.COREFIFO_C8_COREFIFO_C8_0_corefifo_async.verilog
241      work.COREFIFO_C8_COREFIFO_C8_0_corefifo_fwft.verilog
242      work.COREFIFO_C8_COREFIFO_C8_0_corefifo_grayToBinConv.verilog
243      work.COREFIFO_C8_COREFIFO_C8_0_corefifo_sync.verilog
244      work.COREFIFO_C8_COREFIFO_C8_0_corefifo_sync_scntr.verilog
245      work.COREFIFO_C8_COREFIFO_C8_0_ram_wrapper.verilog
255      work.CORELANEMSTR.verilog
256      work.CORELANEMSTRmode0.verilog
257      work.CORELANEMSTRmode1.verilog
258      work.CORELANEMSTRmode2.verilog
259      work.CORELCKMGT.verilog
19       work.CORERESET_PF_C0.verilog
20       work.CORERESET_PF_C0_CORERESET_PF_C0_0_CORERESET_PF.verilog
260      work.CORERFD.verilog
261      work.CORERFDbincnt.verilog
262      work.CORERFDfrqerrarb.verilog
263      work.CORERFDgrycnt.verilog
264      work.CORERFDplsgen.verilog
265      work.CORERFDshcnt.verilog
266      work.CORERFDsicr.verilog
267      work.CORERFDsmplcnt.verilog
268      work.CORERFDsync.verilog
269      work.CORERFDsyncen.verilog
21       work.COREUART_C0.verilog
22       work.COREUART_C0_COREUART_C0_0_COREUART.verilog
23       work.COREUART_C0_COREUART_C0_0_Clock_gen.verilog
24       work.COREUART_C0_COREUART_C0_0_Rx_async.verilog
25       work.COREUART_C0_COREUART_C0_0_Tx_async.verilog
26       work.COREUART_C0_COREUART_C0_0_fifo_256x8.verilog
27       work.COREUART_C0_COREUART_C0_0_fifo_ctrl_256.verilog
28       work.COREUART_C0_COREUART_C0_0_ram16x8.verilog
33       work.Clock_Reset.verilog
313      work.Communication.verilog
138      work.Controler.verilog
180      work.Data_Block.verilog
193      work.Event_Info_RAM_Block.verilog
181      work.Input_Data_Part.verilog
60       work.PF_CCC_C0.verilog
61       work.PF_CCC_C0_PF_CCC_C0_0_PF_CCC.verilog
311      work.PF_CCC_C3.verilog
312      work.PF_CCC_C3_PF_CCC_C3_0_PF_CCC.verilog
354      work.PF_CCC_C5.verilog
355      work.PF_CCC_C5_PF_CCC_C5_0_PF_CCC.verilog
356      work.PF_CLK_DIV_C2.verilog
357      work.PF_CLK_DIV_C2_PF_CLK_DIV_C2_0_PF_CLK_DIV.verilog
194      work.PF_DPSRAM_C5.verilog
195      work.PF_DPSRAM_C5_PF_DPSRAM_C5_0_PF_DPSRAM.verilog
196      work.PF_DPSRAM_C7.verilog
197      work.PF_DPSRAM_C7_PF_DPSRAM_C7_0_PF_DPSRAM.verilog
198      work.PF_DPSRAM_C8_Event_Status.verilog
199      work.PF_DPSRAM_C8_Event_Status_PF_DPSRAM_C8_Event_Status_0_PF_DPSRAM.verilog
62       work.PF_INIT_MONITOR_C0.verilog
63       work.PF_INIT_MONITOR_C0_PF_INIT_MONITOR_C0_0_PF_INIT_MONITOR.verilog
64       work.PF_OSC_C0.verilog
65       work.PF_OSC_C0_PF_OSC_C0_0_PF_OSC.verilog
358      work.PF_TX_PLL_C1.verilog
359      work.PF_TX_PLL_C1_PF_TX_PLL_C1_0_PF_TX_PLL.verilog
272      work.PF_XCVR_APBLINK_V.verilog
360      work.PF_XCVR_ERM_C8.verilog
361      work.PF_XCVR_ERM_C8_I_XCVR_PF_XCVR.verilog
221      work.SPI_LMX.verilog
200      work.Sample_RAM_Block.verilog
77       work.Top.verilog
367      work.Transceiver_Main.verilog
368      work.Transciever_OneLane.verilog
105      work.UART_Protocol.verilog
246      work.USB_3_Protocol.verilog
122      work.adi_spi.rtl
123      work.adi_spi.vhdl
369      work.alignmentlane_fifo.rtl
370      work.alignmentlane_fifo.vhdl
118      work.answer_encoder.rtl
119      work.answer_encoder.vhdl
120      work.command_decoder.rtl
121      work.command_decoder.vhdl
134      work.communication_anw_mux.rtl
135      work.communication_anw_mux.vhdl
207      work.communication_builder.rtl
208      work.communication_builder.vhdl
106      work.communication_cmd_mux.rtl
107      work.communication_cmd_mux.vhdl
314      work.communication_controler.rtl
315      work.communication_controler.vhdl
297      work.communication_switch.rtl
298      work.communication_switch.vhdl
299      work.communication_tx_arbiter2.rtl
300      work.communication_tx_arbiter2.vhdl
201      work.fifos_reader.rtl
202      work.fifos_reader.vhdl
247      work.ft601_fifo_interface.rtl_ft601_fifo_interface
248      work.ft601_fifo_interface.vhdl
249      work.ftdi_to_fifo_interface.rtl
250      work.ftdi_to_fifo_interface.vhdl
251      work.gpio_controler.rtl
252      work.gpio_controler.vhdl
158      work.mko.rtl
159      work.mko.vhdl
136      work.registers.rtl
137      work.registers.vhdl
253      work.reset_controler.rtl
254      work.reset_controler.vhdl
321      work.rxlanecontrol.rtl
322      work.rxlanecontrol.vhdl
323      work.rxmainlinkcontroller.rtl
324      work.rxmainlinkcontroller.vhdl
203      work.sample_ram_block_decoder.rtl
204      work.sample_ram_block_decoder.vhdl
205      work.sample_ram_block_mux.rtl
206      work.sample_ram_block_mux.vhdl
362      work.samplecompose.rtl
363      work.samplecompose.vhdl
364      work.sampletxdecompose.rtl
365      work.sampletxdecompose.vhdl
222      work.spi_interface.rtl
223      work.spi_interface.vhdl
224      work.spi_master.behavioural
225      work.spi_master.vhdl
99       work.synchronizer.arch
100      work.synchronizer.vhdl
325      work.test_generator_for_lanes.rtl
326      work.test_generator_for_lanes.vhdl
371      work.transceiver_lanesconnection.rtl
372      work.transceiver_lanesconnection.vhdl
189      work.trigger_unit.rtl
190      work.trigger_unit.vhdl
327      work.txlanecontrol.rtl
328      work.txlanecontrol.vhdl
329      work.txmainlinkcontroller.rtl
330      work.txmainlinkcontroller.vhdl
101      work.uart_rx_protocol.rtl
102      work.uart_rx_protocol.vhdl
103      work.uart_tx_protocol.rtl
104      work.uart_tx_protocol.vhdl
