Resource Usage Report for Top 

Mapping to part: mpf300tfcg1152-1
Cell usage:
BUFD            1 use
CLKINT          7 uses
INIT            1 use
INV             18 uses
OR2             2 uses
OR4             192 uses
OSC_RC160MHZ    1 use
PLL             1 use
CFG1           101 uses
CFG2           751 uses
CFG3           1269 uses
CFG4           2292 uses

Carry cells:
ARI1            2573 uses - used for arithmetic functions
ARI1            106 uses - used for Wide-Mux implementation
Total ARI1      2679 uses


Sequential Cells: 
SLE            6102 uses

DSP Blocks:    0 of 924 (0%)

I/O ports: 115
I/O primitives: 107
BIBUF          34 uses
INBUF          21 uses
INBUF_DIFF     1 use
OUTBUF         41 uses
OUTBUF_DIFF    4 uses
TRIBUFF        6 uses


Global Clock Buffers: 7

Total LUTs:    7092

Extra resources required for RAM and MACC_PA interface logic during P&R:

RAM64X12 Interface Logic : SLEs = 0; LUTs = 0;
RAM1K20  Interface Logic : SLEs = 33156; LUTs = 33156;
MACC_PA     Interface Logic : SLEs = 0; LUTs = 0;
MACC_PA_BC_ROM     Interface Logic : SLEs = 0; LUTs = 0;

Total number of SLEs after P&R:  6102 + 0 + 33156 + 0 = 39258;
Total number of LUTs after P&R:  7092 + 0 + 33156 + 0 = 40248;

