Resource Usage Report for Top 

Mapping to part: mpf300tfcg1152-1
Cell usage:
AND2            6 uses
CLKINT          15 uses
CORELNKTMR_V    2 uses
DFN1            4 uses
ICB_CLKDIV      1 use
INIT            1 use
INV             18 uses
OR2             12 uses
OR4             192 uses
OSC_RC160MHZ    1 use
PLL             3 uses
RCLKINT         4 uses
TX_PLL          2 uses
XCVR_8B10B      2 uses
XCVR_APB_LINK_V2  2 uses
CFG1           163 uses
CFG2           22770 uses
CFG3           7203 uses
CFG4           45029 uses

Carry cells:
ARI1            3792 uses - used for arithmetic functions
ARI1            29739 uses - used for Wide-Mux implementation
Total ARI1      33531 uses


Sequential Cells: 
SLE            32140 uses
SLE_DEBUG      2 uses
Total SLE          32142 uses

DSP Blocks:    0 of 924 (0%)

I/O ports: 125
I/O primitives: 108
BIBUF          34 uses
INBUF          19 uses
INBUF_DIFF     2 uses
OUTBUF         43 uses
OUTBUF_DIFF    4 uses
TRIBUFF        6 uses


Global Clock Buffers: 19

Total LUTs:    108696

Extra resources required for RAM and MACC_PA interface logic during P&R:

RAM64X12 Interface Logic : SLEs = 0; LUTs = 0;
RAM1K20  Interface Logic : SLEs = 33084; LUTs = 33084;
MACC_PA     Interface Logic : SLEs = 0; LUTs = 0;
MACC_PA_BC_ROM     Interface Logic : SLEs = 0; LUTs = 0;

Total number of SLEs after P&R:  32142 + 0 + 33084 + 0 = 65226;
Total number of LUTs after P&R:  108696 + 0 + 33084 + 0 = 141780;

