Resource Usage Report for Top 

Mapping to part: mpf300tfcg1152-1
Cell usage:
AND2            6 uses
CLKINT          18 uses
CORELNKTMR_V    2 uses
DFN1            4 uses
ICB_CLKDIV      2 uses
INIT            1 use
INV             18 uses
IOD             10 uses
OR2             12 uses
OR4             192 uses
OSC_RC160MHZ    1 use
PLL             4 uses
RCLKINT         4 uses
TX_PLL          2 uses
XCVR_8B10B      2 uses
XCVR_APB_LINK_V2  2 uses
CFG1           178 uses
CFG2           22734 uses
CFG3           7379 uses
CFG4           45506 uses

Carry cells:
ARI1            4324 uses - used for arithmetic functions
ARI1            29923 uses - used for Wide-Mux implementation
Total ARI1      34247 uses


Sequential Cells: 
SLE            33038 uses
SLE_DEBUG      2 uses
Total SLE          33040 uses

DSP Blocks:    0 of 924 (0%)

I/O ports: 135
I/O primitives: 118
BIBUF          44 uses
INBUF          19 uses
INBUF_DIFF     2 uses
OUTBUF         43 uses
OUTBUF_DIFF    4 uses
TRIBUFF        6 uses


Global Clock Buffers: 22

Total LUTs:    110044

Extra resources required for RAM and MACC_PA interface logic during P&R:

RAM64X12 Interface Logic : SLEs = 0; LUTs = 0;
RAM1K20  Interface Logic : SLEs = 33588; LUTs = 33588;
MACC_PA     Interface Logic : SLEs = 0; LUTs = 0;
MACC_PA_BC_ROM     Interface Logic : SLEs = 0; LUTs = 0;

Total number of SLEs after P&R:  33040 + 0 + 33588 + 0 = 66628;
Total number of LUTs after P&R:  110044 + 0 + 33588 + 0 = 143632;

